Archive member included to satisfy reference by file (symbol)

/usr/lib/gcc/arm-none-eabi/14.2.0/../../../../arm-none-eabi/lib/thumb/v7-m/nofp/libc_nano.a(libc_a-atexit.o)
                              /usr/lib/gcc/arm-none-eabi/14.2.0/../../../../arm-none-eabi/lib/thumb/v7-m/nofp/crt0.o (atexit)
/usr/lib/gcc/arm-none-eabi/14.2.0/../../../../arm-none-eabi/lib/thumb/v7-m/nofp/libc_nano.a(libc_a-exit.o)
                              /usr/lib/gcc/arm-none-eabi/14.2.0/../../../../arm-none-eabi/lib/thumb/v7-m/nofp/crt0.o (exit)
/usr/lib/gcc/arm-none-eabi/14.2.0/../../../../arm-none-eabi/lib/thumb/v7-m/nofp/libc_nano.a(libc_a-strtod.o)
                              build/uart_comm.o (strtof)
/usr/lib/gcc/arm-none-eabi/14.2.0/../../../../arm-none-eabi/lib/thumb/v7-m/nofp/libc_nano.a(libc_a-findfp.o)
                              /usr/lib/gcc/arm-none-eabi/14.2.0/../../../../arm-none-eabi/lib/thumb/v7-m/nofp/libc_nano.a(libc_a-exit.o) (__stdio_exit_handler)
/usr/lib/gcc/arm-none-eabi/14.2.0/../../../../arm-none-eabi/lib/thumb/v7-m/nofp/libc_nano.a(libc_a-fwalk.o)
                              /usr/lib/gcc/arm-none-eabi/14.2.0/../../../../arm-none-eabi/lib/thumb/v7-m/nofp/libc_nano.a(libc_a-findfp.o) (_fwalk_sglue)
/usr/lib/gcc/arm-none-eabi/14.2.0/../../../../arm-none-eabi/lib/thumb/v7-m/nofp/libc_nano.a(libc_a-snprintf.o)
                              build/main.o (snprintf)
/usr/lib/gcc/arm-none-eabi/14.2.0/../../../../arm-none-eabi/lib/thumb/v7-m/nofp/libc_nano.a(libc_a-stdio.o)
                              /usr/lib/gcc/arm-none-eabi/14.2.0/../../../../arm-none-eabi/lib/thumb/v7-m/nofp/libc_nano.a(libc_a-findfp.o) (__sread)
/usr/lib/gcc/arm-none-eabi/14.2.0/../../../../arm-none-eabi/lib/thumb/v7-m/nofp/libc_nano.a(libc_a-memset.o)
                              /usr/lib/gcc/arm-none-eabi/14.2.0/../../../../arm-none-eabi/lib/thumb/v7-m/nofp/crt0.o (memset)
/usr/lib/gcc/arm-none-eabi/14.2.0/../../../../arm-none-eabi/lib/thumb/v7-m/nofp/libc_nano.a(libc_a-strncmp.o)
                              build/uart_comm.o (strncmp)
/usr/lib/gcc/arm-none-eabi/14.2.0/../../../../arm-none-eabi/lib/thumb/v7-m/nofp/libc_nano.a(libc_a-locale.o)
                              /usr/lib/gcc/arm-none-eabi/14.2.0/../../../../arm-none-eabi/lib/thumb/v7-m/nofp/libc_nano.a(libc_a-strtod.o) (__global_locale)
/usr/lib/gcc/arm-none-eabi/14.2.0/../../../../arm-none-eabi/lib/thumb/v7-m/nofp/libc_nano.a(libc_a-closer.o)
                              /usr/lib/gcc/arm-none-eabi/14.2.0/../../../../arm-none-eabi/lib/thumb/v7-m/nofp/libc_nano.a(libc_a-stdio.o) (_close_r)
/usr/lib/gcc/arm-none-eabi/14.2.0/../../../../arm-none-eabi/lib/thumb/v7-m/nofp/libc_nano.a(libc_a-reent.o)
                              /usr/lib/gcc/arm-none-eabi/14.2.0/../../../../arm-none-eabi/lib/thumb/v7-m/nofp/libc_nano.a(libc_a-closer.o) (errno)
/usr/lib/gcc/arm-none-eabi/14.2.0/../../../../arm-none-eabi/lib/thumb/v7-m/nofp/libc_nano.a(libc_a-impure.o)
                              /usr/lib/gcc/arm-none-eabi/14.2.0/../../../../arm-none-eabi/lib/thumb/v7-m/nofp/libc_nano.a(libc_a-strtod.o) (_impure_ptr)
/usr/lib/gcc/arm-none-eabi/14.2.0/../../../../arm-none-eabi/lib/thumb/v7-m/nofp/libc_nano.a(libc_a-lseekr.o)
                              /usr/lib/gcc/arm-none-eabi/14.2.0/../../../../arm-none-eabi/lib/thumb/v7-m/nofp/libc_nano.a(libc_a-stdio.o) (_lseek_r)
/usr/lib/gcc/arm-none-eabi/14.2.0/../../../../arm-none-eabi/lib/thumb/v7-m/nofp/libc_nano.a(libc_a-readr.o)
                              /usr/lib/gcc/arm-none-eabi/14.2.0/../../../../arm-none-eabi/lib/thumb/v7-m/nofp/libc_nano.a(libc_a-stdio.o) (_read_r)
/usr/lib/gcc/arm-none-eabi/14.2.0/../../../../arm-none-eabi/lib/thumb/v7-m/nofp/libc_nano.a(libc_a-writer.o)
                              /usr/lib/gcc/arm-none-eabi/14.2.0/../../../../arm-none-eabi/lib/thumb/v7-m/nofp/libc_nano.a(libc_a-stdio.o) (_write_r)
/usr/lib/gcc/arm-none-eabi/14.2.0/../../../../arm-none-eabi/lib/thumb/v7-m/nofp/libc_nano.a(libc_a-errno.o)
                              /usr/lib/gcc/arm-none-eabi/14.2.0/../../../../arm-none-eabi/lib/thumb/v7-m/nofp/libc_nano.a(libc_a-strtod.o) (__errno)
/usr/lib/gcc/arm-none-eabi/14.2.0/../../../../arm-none-eabi/lib/thumb/v7-m/nofp/libc_nano.a(libc_a-init.o)
                              /usr/lib/gcc/arm-none-eabi/14.2.0/../../../../arm-none-eabi/lib/thumb/v7-m/nofp/crt0.o (__libc_init_array)
/usr/lib/gcc/arm-none-eabi/14.2.0/../../../../arm-none-eabi/lib/thumb/v7-m/nofp/libc_nano.a(libc_a-fini.o)
                              /usr/lib/gcc/arm-none-eabi/14.2.0/../../../../arm-none-eabi/lib/thumb/v7-m/nofp/crt0.o (__libc_fini_array)
/usr/lib/gcc/arm-none-eabi/14.2.0/../../../../arm-none-eabi/lib/thumb/v7-m/nofp/libc_nano.a(libc_a-lock.o)
                              /usr/lib/gcc/arm-none-eabi/14.2.0/../../../../arm-none-eabi/lib/thumb/v7-m/nofp/libc_nano.a(libc_a-findfp.o) (__retarget_lock_init_recursive)
/usr/lib/gcc/arm-none-eabi/14.2.0/../../../../arm-none-eabi/lib/thumb/v7-m/nofp/libc_nano.a(libc_a-strcmp.o)
[...]
Memory Configuration

Name             Origin             Length             Attributes
RAM              0x20000000         0x00005000         xrw
FLASH            0x08000000         0x00010000         xr
*default*        0x00000000         0xffffffff

Linker script and memory map

LOAD /usr/lib/gcc/arm-none-eabi/14.2.0/thumb/v7-m/nofp/crti.o
LOAD /usr/lib/gcc/arm-none-eabi/14.2.0/thumb/v7-m/nofp/crtbegin.o
LOAD /usr/lib/gcc/arm-none-eabi/14.2.0/../../../../arm-none-eabi/lib/thumb/v7-m/nofp/crt0.o
LOAD build/main.o
LOAD build/stm32f1xx_it.o
LOAD build/stm32f1xx_hal_msp.o
LOAD build/system_stm32f1xx.o
LOAD build/mpu6050.o
LOAD build/motor.o
LOAD build/encoder.o
LOAD build/pid.o
LOAD build/robot.o
LOAD build/uart_comm.o
LOAD build/usbd_conf.o
LOAD build/usbd_desc.o
LOAD build/usbd_cdc_if.o
LOAD build/usbd_core.o
LOAD build/usbd_ctlreq.o
LOAD build/usbd_ioreq.o
LOAD build/usbd_cdc.o
LOAD build/stm32f1xx_hal.o
LOAD build/stm32f1xx_hal_cortex.o
LOAD build/stm32f1xx_hal_dma.o
LOAD build/stm32f1xx_hal_flash.o
LOAD build/stm32f1xx_hal_flash_ex.o
LOAD build/stm32f1xx_hal_gpio.o
LOAD build/stm32f1xx_hal_gpio_ex.o
LOAD build/stm32f1xx_hal_i2c.o
LOAD build/stm32f1xx_hal_pwr.o
LOAD build/stm32f1xx_hal_rcc.o
LOAD build/stm32f1xx_hal_rcc_ex.o
LOAD build/stm32f1xx_hal_tim.o
LOAD build/stm32f1xx_hal_tim_ex.o
LOAD build/stm32f1xx_hal_uart.o
LOAD build/stm32f1xx_hal_pcd.o
LOAD build/stm32f1xx_hal_pcd_ex.o
LOAD build/stm32f1xx_ll_usb.o
LOAD build/startup_stm32f103c8tx.o
LOAD /usr/lib/gcc/arm-none-eabi/14.2.0/../../../../arm-none-eabi/lib/thumb/v7-m/nofp/libc_nano.a
LOAD /usr/lib/gcc/arm-none-eabi/14.2.0/../../../../arm-none-eabi/lib/thumb/v7-m/nofp/libm.a
LOAD /usr/lib/gcc/arm-none-eabi/14.2.0/../../../../arm-none-eabi/lib/thumb/v7-m/nofp/libnosys.a
START GROUP
LOAD /usr/lib/gcc/arm-none-eabi/14.2.0/thumb/v7-m/nofp/libgcc.a
LOAD /usr/lib/gcc/arm-none-eabi/14.2.0/../../../../arm-none-eabi/lib/thumb/v7-m/nofp/libc_nano.a
END GROUP
START GROUP
LOAD /usr/lib/gcc/arm-none-eabi/14.2.0/thumb/v7-m/nofp/libgcc.a
LOAD /usr/lib/gcc/arm-none-eabi/14.2.0/../../../../arm-none-eabi/lib/thumb/v7-m/nofp/libc_nano.a
END GROUP
LOAD /usr/lib/gcc/arm-none-eabi/14.2.0/thumb/v7-m/nofp/crtend.o
LOAD /usr/lib/gcc/arm-none-eabi/14.2.0/thumb/v7-m/nofp/crtn.o
                0x20005000                        _estack = (ORIGIN (RAM) + LENGTH (RAM))
                0x00000200                        _Min_Heap_Size = 0x200
                0x00000400                        _Min_Stack_Size = 0x400

.isr_vector     0x08000000      0x10c
                0x08000000                        . = ALIGN (0x4)
 *(.isr_vector)
 .isr_vector    0x08000000      0x10c build/startup_stm32f103c8tx.o
                0x08000000                g_pfnVectors
                0x0800010c                        . = ALIGN (0x4)

.text           0x08000110     0xb5dc
                0x08000110                        . = ALIGN (0x4)
 *(.text)
 .text          0x08000110       0x10 /usr/lib/gcc/arm-none-eabi/14.2.0/../../../../arm-none-eabi/lib/thumb/v7-m/nofp/libc_nano.a(libc_a-strlen.o)
                0x08000110                strlen
 .text          0x08000120      0x378 /usr/lib/gcc/arm-none-eabi/14.2.0/thumb/v7-m/nofp/libgcc.a(_arm_addsubdf3.o)
                0x08000120                __aeabi_drsub
                0x08000128                __aeabi_dsub
                0x08000128                __subdf3
                0x0800012c                __adddf3
                0x0800012c                __aeabi_dadd
                0x080003a4                __aeabi_ui2d
                0x080003a4                __floatunsidf
                0x080003c4                __floatsidf
                0x080003c4                __aeabi_i2d
                0x080003e8                __extendsfdf2
                0x080003e8                __aeabi_f2d
                0x0800042c                __aeabi_ul2d
                0x0800042c                __floatundidf
                0x0800043c                __floatdidf
                0x0800043c                __aeabi_l2d
 .text          0x08000498      0x424 /usr/lib/gcc/arm-none-eabi/14.2.0/thumb/v7-m/nofp/libgcc.a(_arm_muldivdf3.o)
                0x08000498                __aeabi_dmul
                0x08000498                __muldf3
                0x080006ec                __aeabi_ddiv
                0x080006ec                __divdf3
 .text          0x080008bc      0x110 /usr/lib/gcc/arm-none-eabi/14.2.0/thumb/v7-m/nofp/libgcc.a(_arm_cmpdf2.o)
                0x080008bc                __gtdf2
                0x080008bc                __gedf2
                0x080008c4                __ltdf2
                0x080008c4                __ledf2
                0x080008cc                __cmpdf2
                0x080008cc                __eqdf2
                0x080008cc                __nedf2
                0x08000948                __aeabi_cdrcmple
                0x08000958                __aeabi_cdcmple
                0x08000958                __aeabi_cdcmpeq
                0x08000968                __aeabi_dcmpeq
                0x0800097c                __aeabi_dcmplt
                0x08000990                __aeabi_dcmple
                0x080009a4                __aeabi_dcmpge
                0x080009b8                __aeabi_dcmpgt
 .text          0x080009cc       0x2c /usr/lib/gcc/arm-none-eabi/14.2.0/thumb/v7-m/nofp/libgcc.a(_arm_unorddf2.o)
                0x080009cc                __aeabi_dcmpun
                0x080009cc                __unorddf2
 .text          0x080009f8       0x40 /usr/lib/gcc/arm-none-eabi/14.2.0/thumb/v7-m/nofp/libgcc.a(_arm_fixunsdfsi.o)
                0x080009f8                __fixunsdfsi
                0x080009f8                __aeabi_d2uiz
 .text          0x08000a38       0xa0 /usr/lib/gcc/arm-none-eabi/14.2.0/thumb/v7-m/nofp/libgcc.a(_arm_truncdfsf2.o)
                0x08000a38                __aeabi_d2f
                0x08000a38                __truncdfsf2
 .text          0x08000ad8      0x21c /usr/lib/gcc/arm-none-eabi/14.2.0/thumb/v7-m/nofp/libgcc.a(_arm_addsubsf3.o)
                0x08000ad8                __aeabi_frsub
                0x08000ae0                __subsf3
                0x08000ae0                __aeabi_fsub
                0x08000ae4                __aeabi_fadd
                0x08000ae4                __addsf3
                0x08000c44                __aeabi_ui2f
                0x08000c44                __floatunsisf
                0x08000c4c                __aeabi_i2f
                0x08000c4c                __floatsisf
                0x08000c68                __floatundisf
                0x08000c68                __aeabi_ul2f
                0x08000c78                __floatdisf
                0x08000c78                __aeabi_l2f
 .text          0x08000cf4      0x2a0 /usr/lib/gcc/arm-none-eabi/14.2.0/thumb/v7-m/nofp/libgcc.a(_arm_muldivsf3.o)
                0x08000cf4                __mulsf3
                0x08000cf4                __aeabi_fmul
                0x08000e5c                __divsf3
                0x08000e5c                __aeabi_fdiv
 .text          0x08000f94       0xec /usr/lib/gcc/arm-none-eabi/14.2.0/thumb/v7-m/nofp/libgcc.a(_arm_cmpsf2.o)
                0x08000f94                __gtsf2
                0x08000f94                __gesf2
                0x08000f9c                __lesf2
                0x08000f9c                __ltsf2
                0x08000fa4                __nesf2
                0x08000fa4                __eqsf2
                0x08000fa4                __cmpsf2
                0x08001004                __aeabi_cfrcmple
                0x0800100c                __aeabi_cfcmple
                0x0800100c                __aeabi_cfcmpeq
                0x0800101c                __aeabi_fcmpeq
                0x08001030                __aeabi_fcmplt
                0x08001044                __aeabi_fcmple
                0x08001058                __aeabi_fcmpge
                0x0800106c                __aeabi_fcmpgt
 .text          0x08001080       0x2c /usr/lib/gcc/arm-none-eabi/14.2.0/thumb/v7-m/nofp/libgcc.a(_arm_unordsf2.o)
                0x08001080                __aeabi_fcmpun
                0x08001080                __unordsf2
 .text          0x080010ac       0x4c /usr/lib/gcc/arm-none-eabi/14.2.0/thumb/v7-m/nofp/libgcc.a(_arm_fixsfsi.o)
                0x080010ac                __fixsfsi
                0x080010ac                __aeabi_f2iz
 *(.text*)
 .text.__do_global_dtors_aux
                0x080010f8       0x24 /usr/lib/gcc/arm-none-eabi/14.2.0/thumb/v7-m/nofp/crtbegin.o
 .text.frame_dummy
                0x0800111c       0x1c /usr/lib/gcc/arm-none-eabi/14.2.0/thumb/v7-m/nofp/crtbegin.o
 .text.GPIO_Init
                0x08001138       0x68 build/main.o
 .text.I2C1_Init
                0x080011a0       0x34 build/main.o
 .text.HandleCommand
                0x080011d4      0x1b8 build/main.o
 .text.main     0x0800138c       0xdc build/main.o
                0x0800138c                main
 .text.NMI_Handler
                0x08001468        0x2 build/stm32f1xx_it.o
                0x08001468                NMI_Handler
 .text.HardFault_Handler
                0x0800146a        0x2 build/stm32f1xx_it.o
                0x0800146a                HardFault_Handler
 .text.MemManage_Handler
                0x0800146c        0x2 build/stm32f1xx_it.o
                0x0800146c                MemManage_Handler
 .text.BusFault_Handler
                0x0800146e        0x2 build/stm32f1xx_it.o
                0x0800146e                BusFault_Handler
 .text.UsageFault_Handler
                0x08001470        0x2 build/stm32f1xx_it.o
                0x08001470                UsageFault_Handler
 .text.SVC_Handler
                0x08001472        0x2 build/stm32f1xx_it.o
                0x08001472                SVC_Handler
 .text.DebugMon_Handler
                0x08001474        0x2 build/stm32f1xx_it.o
                0x08001474                DebugMon_Handler
 .text.PendSV_Handler
                0x08001476        0x2 build/stm32f1xx_it.o
                0x08001476                PendSV_Handler
 .text.SysTick_Handler
                0x08001478       0x38 build/stm32f1xx_it.o
                0x08001478                SysTick_Handler
 .text.USB_LP_CAN1_RX0_IRQHandler
                0x080014b0       0x10 build/stm32f1xx_it.o
                0x080014b0                USB_LP_CAN1_RX0_IRQHandler
 .text.HAL_MspInit
                0x080014c0       0x44 build/stm32f1xx_hal_msp.o
                0x080014c0                HAL_MspInit
 .text.HAL_I2C_MspInit
                0x08001504       0x64 build/stm32f1xx_hal_msp.o
                0x08001504                HAL_I2C_MspInit
 .text.HAL_TIM_Encoder_MspInit
                0x08001568       0xa0 build/stm32f1xx_hal_msp.o
                0x08001568                HAL_TIM_Encoder_MspInit
 .text.HAL_TIM_PWM_MspInit
                0x08001608       0x64 build/stm32f1xx_hal_msp.o
                0x08001608                HAL_TIM_PWM_MspInit
 .text.SystemInit
                0x0800166c        0x2 build/system_stm32f1xx.o
                0x0800166c                SystemInit
 .text.Error_Handler
                0x0800166e        0x4 build/system_stm32f1xx.o
                0x0800166e                Error_Handler
 .text.SystemClock_Config
                0x08001672       0x62 build/system_stm32f1xx.o
                0x08001672                SystemClock_Config
 .text.MPU6050_ReadReg
                0x080016d4       0x1c build/mpu6050.o
 .text.MPU6050_ReadGyroZ_Raw
                0x080016f0       0x22 build/mpu6050.o
 .text.MPU6050_WriteReg
                0x08001712       0x26 build/mpu6050.o
 .text.MPU6050_Init
                0x08001738       0x88 build/mpu6050.o
                0x08001738                MPU6050_Init
 .text.MPU6050_CalibrateGyro
                0x080017c0       0x5c build/mpu6050.o
                0x080017c0                MPU6050_CalibrateGyro
 .text.MPU6050_Update
                0x0800181c       0x94 build/mpu6050.o
                0x0800181c                MPU6050_Update
 .text.MPU6050_RecalibrateBias
                0x080018b0       0x30 build/mpu6050.o
                0x080018b0                MPU6050_RecalibrateBias
 .text.MPU6050_ResetHeading
                0x080018e0        0x6 build/mpu6050.o
                0x080018e0                MPU6050_ResetHeading
 *fill*         0x080018e6        0x2 
 .text.Motor_SetSpeed
                0x080018e8      0x118 build/motor.o
                0x080018e8                Motor_SetSpeed
 .text.Motor_Brake
                0x08001a00       0x3c build/motor.o
                0x08001a00                Motor_Brake
 .text.Motor_Coast
                0x08001a3c       0x48 build/motor.o
                0x08001a3c                Motor_Coast
 .text.Motor_Enable
                0x08001a84       0x14 build/motor.o
                0x08001a84                Motor_Enable
 .text.Motor_Init
                0x08001a98       0xe0 build/motor.o
                0x08001a98                Motor_Init
 .text.Encoder_Init
                0x08001b78       0xb4 build/encoder.o
                0x08001b78                Encoder_Init
 .text.Encoder_GetDelta
                0x08001c2c       0x38 build/encoder.o
                0x08001c2c                Encoder_GetDelta
 .text.Encoder_TicksToMM
                0x08001c64       0x14 build/encoder.o
                0x08001c64                Encoder_TicksToMM
 .text.Encoder_GetSpeed
                0x08001c78       0x10 build/encoder.o
                0x08001c78                Encoder_GetSpeed
 .text.PID_Init
                0x08001c88       0x34 build/pid.o
                0x08001c88                PID_Init
 .text.PID_Compute
                0x08001cbc       0xc4 build/pid.o
                0x08001cbc                PID_Compute
 .text.PID_Reset
                0x08001d80        0x8 build/pid.o
                0x08001d80                PID_Reset
 .text.PID_SetGains
                0x08001d88        0xe build/pid.o
                0x08001d88                PID_SetGains
 *fill*         0x08001d96        0x2 
 .text.angle_diff
                0x08001d98       0x48 build/robot.o
 .text.apply_deadzone
                0x08001de0       0x40 build/robot.o
 .text.Robot_Init
                0x08001e20       0xe0 build/robot.o
                0x08001e20                Robot_Init
 .text.Robot_Update
                0x08001f00      0x358 build/robot.o
                0x08001f00                Robot_Update
 .text.Robot_GoStraight
                0x08002258       0x30 build/robot.o
                0x08002258                Robot_GoStraight
 .text.Robot_Rotate
                0x08002288       0x90 build/robot.o
                0x08002288                Robot_Rotate
 .text.Robot_Stop
                0x08002318       0x58 build/robot.o
                0x08002318                Robot_Stop
 .text.Robot_SetVelocity
                0x08002370       0xcc build/robot.o
                0x08002370                Robot_SetVelocity
 .text.Robot_SetFFBias
                0x0800243c       0x14 build/robot.o
                0x0800243c                Robot_SetFFBias
 .text.process_rx_bytes
                0x08002450       0x5c build/uart_comm.o
 .text.parse_float
                0x080024ac       0x1c build/uart_comm.o
 .text.UartComm_Init
                0x080024c8       0x14 build/uart_comm.o
                0x080024c8                UartComm_Init
 .text.UartComm_Process
                0x080024dc      0x1d4 build/uart_comm.o
                0x080024dc                UartComm_Process
 .text.UartComm_SendOdometry
                0x080026b0       0x54 build/uart_comm.o
                0x080026b0                UartComm_SendOdometry
 .text.UartComm_SendString
                0x08002704       0x12 build/uart_comm.o
                0x08002704                UartComm_SendString
 *fill*         0x08002716        0x2 
 .text.HAL_PCD_MspInit
                0x08002718       0x8c build/usbd_conf.o
                0x08002718                HAL_PCD_MspInit
 .text.HAL_PCD_SetupStageCallback
                0x080027a4       0x10 build/usbd_conf.o
                0x080027a4                HAL_PCD_SetupStageCallback
 .text.HAL_PCD_DataOutStageCallback
                0x080027b4       0x18 build/usbd_conf.o
                0x080027b4                HAL_PCD_DataOutStageCallback
 .text.HAL_PCD_DataInStageCallback
                0x080027cc       0x16 build/usbd_conf.o
                0x080027cc                HAL_PCD_DataInStageCallback
 .text.HAL_PCD_SOFCallback
                0x080027e2        0xc build/usbd_conf.o
                0x080027e2                HAL_PCD_SOFCallback
 .text.HAL_PCD_ResetCallback
                0x080027ee       0x18 build/usbd_conf.o
                0x080027ee                HAL_PCD_ResetCallback
 .text.HAL_PCD_SuspendCallback
                0x08002806        0xc build/usbd_conf.o
                0x08002806                HAL_PCD_SuspendCallback
 .text.HAL_PCD_ResumeCallback
                0x08002812        0xc build/usbd_conf.o
                0x08002812                HAL_PCD_ResumeCallback
 *fill*         0x0800281e        0x2 
 .text.USBD_LL_Init
                0x08002820       0x7c build/usbd_conf.o
                0x08002820                USBD_LL_Init
 .text.USBD_LL_Start
                0x0800289c        0xe build/usbd_conf.o
                0x0800289c                USBD_LL_Start
 .text.USBD_LL_OpenEP
                0x080028aa       0x14 build/usbd_conf.o
                0x080028aa                USBD_LL_OpenEP
 .text.USBD_LL_CloseEP
                0x080028be        0xe build/usbd_conf.o
                0x080028be                USBD_LL_CloseEP
 .text.USBD_LL_StallEP
                0x080028cc        0xe build/usbd_conf.o
                0x080028cc                USBD_LL_StallEP
 .text.USBD_LL_ClearStallEP
                0x080028da        0xe build/usbd_conf.o
                0x080028da                USBD_LL_ClearStallEP
 .text.USBD_LL_IsStallEP
                0x080028e8       0x2c build/usbd_conf.o
                0x080028e8                USBD_LL_IsStallEP
 .text.USBD_LL_SetUSBAddress
                0x08002914        0xe build/usbd_conf.o
                0x08002914                USBD_LL_SetUSBAddress
 .text.USBD_LL_Transmit
                0x08002922        0xe build/usbd_conf.o
                0x08002922                USBD_LL_Transmit
 .text.USBD_LL_PrepareReceive
                0x08002930        0xe build/usbd_conf.o
                0x08002930                USBD_LL_PrepareReceive
 .text.USBD_LL_GetRxDataSize
                0x0800293e        0xc build/usbd_conf.o
                0x0800293e                USBD_LL_GetRxDataSize
 *fill*         0x0800294a        0x2 
 .text.USBD_FS_DeviceDescriptor
                0x0800294c        0xc build/usbd_desc.o
 .text.USBD_FS_LangIDStrDescriptor
                0x08002958        0xc build/usbd_desc.o
 .text.USBD_FS_InterfaceStrDescriptor
                0x08002964       0x1c build/usbd_desc.o
 .text.USBD_FS_ConfigStrDescriptor
                0x08002980       0x1c build/usbd_desc.o
 .text.USBD_FS_SerialStrDescriptor
                0x0800299c       0x1c build/usbd_desc.o
 .text.USBD_FS_ProductStrDescriptor
                0x080029b8       0x1c build/usbd_desc.o
 .text.USBD_FS_ManufacturerStrDescriptor
                0x080029d4       0x1c build/usbd_desc.o
 .text.CDC_DeInit_FS
                0x080029f0        0xc build/usbd_cdc_if.o
 .text.CDC_Control_FS
                0x080029fc       0x58 build/usbd_cdc_if.o
 .text.CDC_TransmitCplt_FS
                0x08002a54        0x4 build/usbd_cdc_if.o
 .text.CDC_Receive_FS
                0x08002a58       0x34 build/usbd_cdc_if.o
 .text.CDC_Init_FS
                0x08002a8c       0x30 build/usbd_cdc_if.o
 .text.CDC_Transmit_FS
                0x08002abc       0x60 build/usbd_cdc_if.o
                0x08002abc                CDC_Transmit_FS
 .text.CDC_GetRxData
                0x08002b1c       0x30 build/usbd_cdc_if.o
                0x08002b1c                CDC_GetRxData
 .text.USBD_Init
                0x08002b4c       0x2e build/usbd_core.o
                0x08002b4c                USBD_Init
 .text.USBD_RegisterClass
                0x08002b7a       0x40 build/usbd_core.o
                0x08002b7a                USBD_RegisterClass
 .text.USBD_Start
                0x08002bba        0x8 build/usbd_core.o
                0x08002bba                USBD_Start
 .text.USBD_SetClassConfig
                0x08002bc2       0x12 build/usbd_core.o
                0x08002bc2                USBD_SetClassConfig
 .text.USBD_ClrClassConfig
                0x08002bd4       0x12 build/usbd_core.o
                0x08002bd4                USBD_ClrClassConfig
 .text.USBD_LL_SetupStage
                0x08002be6       0x58 build/usbd_core.o
                0x08002be6                USBD_LL_SetupStage
 .text.USBD_LL_Reset
                0x08002c3e       0x66 build/usbd_core.o
                0x08002c3e                USBD_LL_Reset
 .text.USBD_LL_SetSpeed
                0x08002ca4        0x6 build/usbd_core.o
                0x08002ca4                USBD_LL_SetSpeed
 .text.USBD_LL_Suspend
                0x08002caa       0x1c build/usbd_core.o
                0x08002caa                USBD_LL_Suspend
 .text.USBD_LL_Resume
                0x08002cc6       0x18 build/usbd_core.o
                0x08002cc6                USBD_LL_Resume
 .text.USBD_LL_SOF
                0x08002cde       0x20 build/usbd_core.o
                0x08002cde                USBD_LL_SOF
 .text.USBD_CoreFindIF
                0x08002cfe        0x4 build/usbd_core.o
                0x08002cfe                USBD_CoreFindIF
 .text.USBD_CoreFindEP
                0x08002d02        0x4 build/usbd_core.o
                0x08002d02                USBD_CoreFindEP
 .text.USBD_LL_DataOutStage
                0x08002d06       0xc6 build/usbd_core.o
                0x08002d06                USBD_LL_DataOutStage
 .text.USBD_LL_DataInStage
                0x08002dcc       0xd4 build/usbd_core.o
                0x08002dcc                USBD_LL_DataInStage
 .text.USBD_GetNextDesc
                0x08002ea0        0xe build/usbd_core.o
                0x08002ea0                USBD_GetNextDesc
 .text.USBD_GetEpDesc
                0x08002eae       0x3e build/usbd_core.o
                0x08002eae                USBD_GetEpDesc
 .text.USBD_GetLen
                0x08002eec       0x14 build/usbd_ctlreq.o
 .text.USBD_ParseSetupRequest
                0x08002f00       0x28 build/usbd_ctlreq.o
                0x08002f00                USBD_ParseSetupRequest
 .text.USBD_CtlError
                0x08002f28       0x14 build/usbd_ctlreq.o
                0x08002f28                USBD_CtlError
 .text.USBD_GetDescriptor
                0x08002f3c      0x18a build/usbd_ctlreq.o
 .text.USBD_SetAddress
                0x080030c6       0x4e build/usbd_ctlreq.o
 .text.USBD_SetConfig
                0x08003114       0xcc build/usbd_ctlreq.o
 .text.USBD_GetConfig
                0x080031e0       0x40 build/usbd_ctlreq.o
 .text.USBD_GetStatus
                0x08003220       0x38 build/usbd_ctlreq.o
 .text.USBD_SetFeature
                0x08003258       0x2a build/usbd_ctlreq.o
 .text.USBD_ClrFeature
                0x08003282       0x26 build/usbd_ctlreq.o
 .text.USBD_StdDevReq
                0x080032a8       0x76 build/usbd_ctlreq.o
                0x080032a8                USBD_StdDevReq
 .text.USBD_StdItfReq
                0x0800331e       0x84 build/usbd_ctlreq.o
                0x0800331e                USBD_StdItfReq
 .text.USBD_StdEPReq
                0x080033a2      0x23a build/usbd_ctlreq.o
                0x080033a2                USBD_StdEPReq
 .text.USBD_GetString
                0x080035dc       0x46 build/usbd_ctlreq.o
                0x080035dc                USBD_GetString
 .text.USBD_CtlSendData
                0x08003622       0x1c build/usbd_ioreq.o
                0x08003622                USBD_CtlSendData
 .text.USBD_CtlContinueSendData
                0x0800363e       0x10 build/usbd_ioreq.o
                0x0800363e                USBD_CtlContinueSendData
 .text.USBD_CtlPrepareRx
                0x0800364e       0x22 build/usbd_ioreq.o
                0x0800364e                USBD_CtlPrepareRx
 .text.USBD_CtlContinueRx
                0x08003670       0x10 build/usbd_ioreq.o
                0x08003670                USBD_CtlContinueRx
 .text.USBD_CtlSendStatus
                0x08003680       0x16 build/usbd_ioreq.o
                0x08003680                USBD_CtlSendStatus
 .text.USBD_CtlReceiveStatus
                0x08003696       0x16 build/usbd_ioreq.o
                0x08003696                USBD_CtlReceiveStatus
 .text.USBD_CDC_EP0_RxReady
                0x080036ac       0x40 build/usbd_cdc.o
 .text.USBD_CDC_GetDeviceQualifierDescriptor
                0x080036ec        0xc build/usbd_cdc.o
                0x080036ec                USBD_CDC_GetDeviceQualifierDescriptor
 .text.USBD_CDC_GetOtherSpeedCfgDesc
                0x080036f8       0x48 build/usbd_cdc.o
 .text.USBD_CDC_GetFSCfgDesc
                0x08003740       0x48 build/usbd_cdc.o
 .text.USBD_CDC_GetHSCfgDesc
                0x08003788       0x48 build/usbd_cdc.o
 .text.USBD_CDC_DataOut
                0x080037d0       0x38 build/usbd_cdc.o
 .text.USBD_CDC_DataIn
                0x08003808       0x7c build/usbd_cdc.o
 .text.USBD_CDC_Setup
                0x08003884      0x114 build/usbd_cdc.o
 .text.USBD_CDC_DeInit
                0x08003998       0x56 build/usbd_cdc.o
 *fill*         0x080039ee        0x2 
 .text.USBD_CDC_Init
                0x080039f0       0xdc build/usbd_cdc.o
 .text.USBD_CDC_RegisterInterface
                0x08003acc       0x16 build/usbd_cdc.o
                0x08003acc                USBD_CDC_RegisterInterface
 .text.USBD_CDC_SetTxBuffer
                0x08003ae2       0x1c build/usbd_cdc.o
                0x08003ae2                USBD_CDC_SetTxBuffer
 .text.USBD_CDC_SetRxBuffer
                0x08003afe       0x18 build/usbd_cdc.o
                0x08003afe                USBD_CDC_SetRxBuffer
 .text.USBD_CDC_TransmitPacket
                0x08003b16       0x36 build/usbd_cdc.o
                0x08003b16                USBD_CDC_TransmitPacket
 .text.USBD_CDC_ReceivePacket
                0x08003b4c       0x38 build/usbd_cdc.o
                0x08003b4c                USBD_CDC_ReceivePacket
 .text.HAL_InitTick
                0x08003b84       0x4c build/stm32f1xx_hal.o
                0x08003b84                HAL_InitTick
 .text.HAL_Init
                0x08003bd0       0x24 build/stm32f1xx_hal.o
                0x08003bd0                HAL_Init
 .text.HAL_IncTick
                0x08003bf4       0x18 build/stm32f1xx_hal.o
                0x08003bf4                HAL_IncTick
 .text.HAL_GetTick
                0x08003c0c        0xc build/stm32f1xx_hal.o
                0x08003c0c                HAL_GetTick
 .text.HAL_Delay
                0x08003c18       0x28 build/stm32f1xx_hal.o
                0x08003c18                HAL_Delay
 .text.__NVIC_SetPriority
                0x08003c40       0x28 build/stm32f1xx_hal_cortex.o
 .text.NVIC_EncodePriority
                0x08003c68       0x3e build/stm32f1xx_hal_cortex.o
 *fill*         0x08003ca6        0x2 
 .text.HAL_NVIC_SetPriorityGrouping
                0x08003ca8       0x24 build/stm32f1xx_hal_cortex.o
                0x08003ca8                HAL_NVIC_SetPriorityGrouping
 .text.HAL_NVIC_SetPriority
                0x08003ccc       0x20 build/stm32f1xx_hal_cortex.o
                0x08003ccc                HAL_NVIC_SetPriority
 .text.HAL_NVIC_EnableIRQ
                0x08003cec       0x1c build/stm32f1xx_hal_cortex.o
                0x08003cec                HAL_NVIC_EnableIRQ
 .text.HAL_SYSTICK_Config
                0x08003d08       0x28 build/stm32f1xx_hal_cortex.o
                0x08003d08                HAL_SYSTICK_Config
 .text.HAL_GPIO_Init
                0x08003d30      0x214 build/stm32f1xx_hal_gpio.o
                0x08003d30                HAL_GPIO_Init
 .text.HAL_GPIO_WritePin
                0x08003f44        0xc build/stm32f1xx_hal_gpio.o
                0x08003f44                HAL_GPIO_WritePin
 .text.I2C_IsAcknowledgeFailed
                0x08003f50       0x32 build/stm32f1xx_hal_i2c.o
 .text.I2C_WaitOnFlagUntilTimeout
                0x08003f82       0xaa build/stm32f1xx_hal_i2c.o
 .text.I2C_WaitOnMasterAddressFlagUntilTimeout
                0x0800402c       0xd6 build/stm32f1xx_hal_i2c.o
 .text.I2C_WaitOnTXEFlagUntilTimeout
                0x08004102       0x5e build/stm32f1xx_hal_i2c.o
 .text.I2C_RequestMemoryWrite
                0x08004160       0xd8 build/stm32f1xx_hal_i2c.o
 .text.I2C_RequestMemoryRead
                0x08004238      0x154 build/stm32f1xx_hal_i2c.o
 .text.I2C_WaitOnBTFFlagUntilTimeout
                0x0800438c       0x5e build/stm32f1xx_hal_i2c.o
 .text.I2C_WaitOnRXNEFlagUntilTimeout
                0x080043ea       0x78 build/stm32f1xx_hal_i2c.o
 *fill*         0x08004462        0x2 
 .text.HAL_I2C_Init
                0x08004464      0x1bc build/stm32f1xx_hal_i2c.o
                0x08004464                HAL_I2C_Init
 .text.HAL_I2C_Mem_Write
                0x08004620      0x160 build/stm32f1xx_hal_i2c.o
                0x08004620                HAL_I2C_Mem_Write
 .text.HAL_I2C_Mem_Read
                0x08004780      0x354 build/stm32f1xx_hal_i2c.o
                0x08004780                HAL_I2C_Mem_Read
 .text.RCC_Delay
                0x08004ad4       0x2c build/stm32f1xx_hal_rcc.o
 .text.HAL_RCC_OscConfig
                0x08004b00      0x410 build/stm32f1xx_hal_rcc.o
                0x08004b00                HAL_RCC_OscConfig
 .text.HAL_RCC_GetSysClockFreq
                0x08004f10       0x54 build/stm32f1xx_hal_rcc.o
                0x08004f10                HAL_RCC_GetSysClockFreq
 .text.HAL_RCC_ClockConfig
                0x08004f64      0x16c build/stm32f1xx_hal_rcc.o
                0x08004f64                HAL_RCC_ClockConfig
 .text.HAL_RCC_GetHCLKFreq
                0x080050d0        0xc build/stm32f1xx_hal_rcc.o
                0x080050d0                HAL_RCC_GetHCLKFreq
 .text.HAL_RCC_GetPCLK1Freq
                0x080050dc       0x20 build/stm32f1xx_hal_rcc.o
                0x080050dc                HAL_RCC_GetPCLK1Freq
 .text.TIM_OC1_SetConfig
                0x080050fc       0x58 build/stm32f1xx_hal_tim.o
 .text.TIM_OC3_SetConfig
                0x08005154       0x60 build/stm32f1xx_hal_tim.o
 .text.TIM_OC4_SetConfig
                0x080051b4       0x48 build/stm32f1xx_hal_tim.o
 .text.TIM_Base_SetConfig
                0x080051fc       0x7c build/stm32f1xx_hal_tim.o
                0x080051fc                TIM_Base_SetConfig
 .text.HAL_TIM_PWM_Init
                0x08005278       0x58 build/stm32f1xx_hal_tim.o
                0x08005278                HAL_TIM_PWM_Init
 .text.HAL_TIM_Encoder_Init
                0x080052d0       0xb6 build/stm32f1xx_hal_tim.o
                0x080052d0                HAL_TIM_Encoder_Init
 *fill*         0x08005386        0x2 
 .text.TIM_OC2_SetConfig
                0x08005388       0x60 build/stm32f1xx_hal_tim.o
                0x08005388                TIM_OC2_SetConfig
 .text.HAL_TIM_PWM_ConfigChannel
                0x080053e8       0xdc build/stm32f1xx_hal_tim.o
                0x080053e8                HAL_TIM_PWM_ConfigChannel
 .text.TIM_CCxChannelCmd
                0x080054c4       0x1e build/stm32f1xx_hal_tim.o
                0x080054c4                TIM_CCxChannelCmd
 *fill*         0x080054e2        0x2 
 .text.HAL_TIM_PWM_Start
                0x080054e4       0xd4 build/stm32f1xx_hal_tim.o
                0x080054e4                HAL_TIM_PWM_Start
 .text.HAL_TIM_Encoder_Start
                0x080055b8       0xcc build/stm32f1xx_hal_tim.o
                0x080055b8                HAL_TIM_Encoder_Start
 .text.HAL_TIMEx_MasterConfigSynchronization
                0x08005684       0x6c build/stm32f1xx_hal_tim_ex.o
                0x08005684                HAL_TIMEx_MasterConfigSynchronization
 .text.HAL_TIMEx_ConfigBreakDeadTime
                0x080056f0       0x52 build/stm32f1xx_hal_tim_ex.o
                0x080056f0                HAL_TIMEx_ConfigBreakDeadTime
 .text.HAL_PCD_EP_DB_Receive
                0x08005742      0x11c build/stm32f1xx_hal_pcd.o
 .text.HAL_PCD_Init
                0x0800585e       0xe8 build/stm32f1xx_hal_pcd.o
                0x0800585e                HAL_PCD_Init
 .text.HAL_PCD_Start
                0x08005946       0x32 build/stm32f1xx_hal_pcd.o
                0x08005946                HAL_PCD_Start
 .text.HAL_PCD_EP_DB_Transmit
                0x08005978      0x424 build/stm32f1xx_hal_pcd.o
 .text.PCD_EP_ISR_Handler
                0x08005d9c      0x554 build/stm32f1xx_hal_pcd.o
 .text.HAL_PCD_SetAddress
                0x080062f0       0x26 build/stm32f1xx_hal_pcd.o
                0x080062f0                HAL_PCD_SetAddress
 .text.HAL_PCD_IRQHandler
                0x08006316      0x1b0 build/stm32f1xx_hal_pcd.o
                0x08006316                HAL_PCD_IRQHandler
 .text.HAL_PCD_EP_Open
                0x080064c6       0x84 build/stm32f1xx_hal_pcd.o
                0x080064c6                HAL_PCD_EP_Open
 .text.HAL_PCD_EP_Close
                0x0800654a       0x6c build/stm32f1xx_hal_pcd.o
                0x0800654a                HAL_PCD_EP_Close
 .text.HAL_PCD_EP_Receive
                0x080065b6       0x3a build/stm32f1xx_hal_pcd.o
                0x080065b6                HAL_PCD_EP_Receive
 .text.HAL_PCD_EP_GetRxCount
                0x080065f0       0x12 build/stm32f1xx_hal_pcd.o
                0x080065f0                HAL_PCD_EP_GetRxCount
 .text.HAL_PCD_EP_Transmit
                0x08006602       0x4c build/stm32f1xx_hal_pcd.o
                0x08006602                HAL_PCD_EP_Transmit
 .text.HAL_PCD_EP_SetStall
                0x0800664e       0x80 build/stm32f1xx_hal_pcd.o
                0x0800664e                HAL_PCD_EP_SetStall
 .text.HAL_PCD_EP_ClrStall
                0x080066ce       0x7e build/stm32f1xx_hal_pcd.o
                0x080066ce                HAL_PCD_EP_ClrStall
 .text.HAL_PCDEx_PMAConfig
                0x0800674c       0x38 build/stm32f1xx_hal_pcd_ex.o
                0x0800674c                HAL_PCDEx_PMAConfig
 .text.HAL_PCDEx_SetConnectionState
                0x08006784        0x2 build/stm32f1xx_hal_pcd_ex.o
                0x08006784                HAL_PCDEx_SetConnectionState
 .text.USB_CoreInit
                0x08006786        0xe build/stm32f1xx_ll_usb.o
                0x08006786                USB_CoreInit
 .text.USB_EnableGlobalInt
                0x08006794       0x12 build/stm32f1xx_ll_usb.o
                0x08006794                USB_EnableGlobalInt
 .text.USB_DisableGlobalInt
                0x080067a6       0x14 build/stm32f1xx_ll_usb.o
                0x080067a6                USB_DisableGlobalInt
 .text.USB_SetCurrentMode
                0x080067ba        0x4 build/stm32f1xx_ll_usb.o
                0x080067ba                USB_SetCurrentMode
 .text.USB_DevInit
                0x080067be       0x22 build/stm32f1xx_ll_usb.o
                0x080067be                USB_DevInit
 .text.USB_ActivateEndpoint
                0x080067e0      0x3ca build/stm32f1xx_ll_usb.o
                0x080067e0                USB_ActivateEndpoint
 .text.USB_DeactivateEndpoint
                0x08006baa      0x1d6 build/stm32f1xx_ll_usb.o
                0x08006baa                USB_DeactivateEndpoint
 .text.USB_EPSetStall
                0x08006d80       0x4a build/stm32f1xx_ll_usb.o
                0x08006d80                USB_EPSetStall
 .text.USB_EPClearStall
                0x08006dca       0xa2 build/stm32f1xx_ll_usb.o
                0x08006dca                USB_EPClearStall
 .text.USB_SetDevAddress
                0x08006e6c        0xc build/stm32f1xx_ll_usb.o
                0x08006e6c                USB_SetDevAddress
 .text.USB_DevConnect
                0x08006e78        0x4 build/stm32f1xx_ll_usb.o
                0x08006e78                USB_DevConnect
 .text.USB_DevDisconnect
                0x08006e7c        0x4 build/stm32f1xx_ll_usb.o
                0x08006e7c                USB_DevDisconnect
 .text.USB_ReadInterrupts
                0x08006e80        0x8 build/stm32f1xx_ll_usb.o
                0x08006e80                USB_ReadInterrupts
 .text.USB_EP0_OutStart
                0x08006e88        0x4 build/stm32f1xx_ll_usb.o
                0x08006e88                USB_EP0_OutStart
 .text.USB_WritePMA
                0x08006e8c       0x26 build/stm32f1xx_ll_usb.o
                0x08006e8c                USB_WritePMA
 .text.USB_EPStartXfer
                0x08006eb2      0x7ce build/stm32f1xx_ll_usb.o
                0x08006eb2                USB_EPStartXfer
 .text.USB_ReadPMA
                0x08007680       0x30 build/stm32f1xx_ll_usb.o
                0x08007680                USB_ReadPMA
 .text.Reset_Handler
                0x080076b0       0x4c build/startup_stm32f103c8tx.o
                0x080076b0                Reset_Handler
 .text.Default_Handler
                0x080076fc        0x2 build/startup_stm32f103c8tx.o
                0x080076fc                RTC_Alarm_IRQHandler
                0x080076fc                EXTI2_IRQHandler
                0x080076fc                TIM1_CC_IRQHandler
                0x080076fc                PVD_IRQHandler
                0x080076fc                BootRAM
                0x080076fc                EXTI3_IRQHandler
                0x080076fc                EXTI0_IRQHandler
                0x080076fc                I2C2_EV_IRQHandler
                0x080076fc                ADC1_2_IRQHandler
                0x080076fc                SPI1_IRQHandler
                0x080076fc                TAMPER_IRQHandler
                0x080076fc                DMA1_Channel4_IRQHandler
                0x080076fc                USART3_IRQHandler
                0x080076fc                RTC_IRQHandler
                0x080076fc                DMA1_Channel7_IRQHandler
                0x080076fc                CAN1_RX1_IRQHandler
                0x080076fc                TIM4_IRQHandler
                0x080076fc                I2C1_EV_IRQHandler
                0x080076fc                DMA1_Channel6_IRQHandler
                0x080076fc                TIM3_IRQHandler
                0x080076fc                RCC_IRQHandler
                0x080076fc                TIM1_TRG_COM_IRQHandler
                0x080076fc                DMA1_Channel1_IRQHandler
                0x080076fc                Default_Handler
                0x080076fc                EXTI15_10_IRQHandler
                0x080076fc                EXTI9_5_IRQHandler
                0x080076fc                SPI2_IRQHandler
                0x080076fc                DMA1_Channel5_IRQHandler
                0x080076fc                EXTI4_IRQHandler
                0x080076fc                USB_HP_CAN1_TX_IRQHandler
                0x080076fc                DMA1_Channel3_IRQHandler
                0x080076fc                TIM1_UP_IRQHandler
                0x080076fc                WWDG_IRQHandler
                0x080076fc                TIM2_IRQHandler
                0x080076fc                TIM1_BRK_IRQHandler
                0x080076fc                EXTI1_IRQHandler
                0x080076fc                USART2_IRQHandler
                0x080076fc                I2C2_ER_IRQHandler
                0x080076fc                DMA1_Channel2_IRQHandler
                0x080076fc                CAN1_SCE_IRQHandler
                0x080076fc                FLASH_IRQHandler
                0x080076fc                USART1_IRQHandler
                0x080076fc                I2C1_ER_IRQHandler
                0x080076fc                USBWakeUp_IRQHandler
 .text.sulp     0x080076fe       0x42 /usr/lib/gcc/arm-none-eabi/14.2.0/../../../../arm-none-eabi/lib/thumb/v7-m/nofp/libc_nano.a(libc_a-strtod.o)
 .text._strtod_l
                0x08007740      0xba8 /usr/lib/gcc/arm-none-eabi/14.2.0/../../../../arm-none-eabi/lib/thumb/v7-m/nofp/libc_nano.a(libc_a-strtod.o)
                0x08007740                _strtod_l
 .text.strtof   0x080082e8       0xb0 /usr/lib/gcc/arm-none-eabi/14.2.0/../../../../arm-none-eabi/lib/thumb/v7-m/nofp/libc_nano.a(libc_a-strtod.o)
                0x080082e8                strtof
 .text.std      0x08008398       0x6c /usr/lib/gcc/arm-none-eabi/14.2.0/../../../../arm-none-eabi/lib/thumb/v7-m/nofp/libc_nano.a(libc_a-findfp.o)
 .text.stdio_exit_handler
                0x08008404       0x18 /usr/lib/gcc/arm-none-eabi/14.2.0/../../../../arm-none-eabi/lib/thumb/v7-m/nofp/libc_nano.a(libc_a-findfp.o)
 .text.cleanup_stdio
                0x0800841c       0x40 /usr/lib/gcc/arm-none-eabi/14.2.0/../../../../arm-none-eabi/lib/thumb/v7-m/nofp/libc_nano.a(libc_a-findfp.o)
 .text.global_stdio_init.part.0
                0x0800845c       0x40 /usr/lib/gcc/arm-none-eabi/14.2.0/../../../../arm-none-eabi/lib/thumb/v7-m/nofp/libc_nano.a(libc_a-findfp.o)
 .text.__sfp_lock_acquire
                0x0800849c        0xc /usr/lib/gcc/arm-none-eabi/14.2.0/../../../../arm-none-eabi/lib/thumb/v7-m/nofp/libc_nano.a(libc_a-findfp.o)
                0x0800849c                __sfp_lock_acquire
 .text.__sfp_lock_release
                0x080084a8        0xc /usr/lib/gcc/arm-none-eabi/14.2.0/../../../../arm-none-eabi/lib/thumb/v7-m/nofp/libc_nano.a(libc_a-findfp.o)
                0x080084a8                __sfp_lock_release
 .text.__sinit  0x080084b4       0x30 /usr/lib/gcc/arm-none-eabi/14.2.0/../../../../arm-none-eabi/lib/thumb/v7-m/nofp/libc_nano.a(libc_a-findfp.o)
                0x080084b4                __sinit
 .text._fwalk_sglue
                0x080084e4       0x3c /usr/lib/gcc/arm-none-eabi/14.2.0/../../../../arm-none-eabi/lib/thumb/v7-m/nofp/libc_nano.a(libc_a-fwalk.o)
                0x080084e4                _fwalk_sglue
 .text.snprintf
                0x08008520       0x6c /usr/lib/gcc/arm-none-eabi/14.2.0/../../../../arm-none-eabi/lib/thumb/v7-m/nofp/libc_nano.a(libc_a-snprintf.o)
                0x08008520                snprintf
                0x08008520                sniprintf
 .text.__sread  0x0800858c       0x22 /usr/lib/gcc/arm-none-eabi/14.2.0/../../../../arm-none-eabi/lib/thumb/v7-m/nofp/libc_nano.a(libc_a-stdio.o)
                0x0800858c                __sread
 .text.__swrite
                0x080085ae       0x38 /usr/lib/gcc/arm-none-eabi/14.2.0/../../../../arm-none-eabi/lib/thumb/v7-m/nofp/libc_nano.a(libc_a-stdio.o)
                0x080085ae                __swrite
 .text.__sseek  0x080085e6       0x26 /usr/lib/gcc/arm-none-eabi/14.2.0/../../../../arm-none-eabi/lib/thumb/v7-m/nofp/libc_nano.a(libc_a-stdio.o)
                0x080085e6                __sseek
 .text.__sclose
                0x0800860c        0x8 /usr/lib/gcc/arm-none-eabi/14.2.0/../../../../arm-none-eabi/lib/thumb/v7-m/nofp/libc_nano.a(libc_a-stdio.o)
                0x0800860c                __sclose
 .text.memset   0x08008614       0x10 /usr/lib/gcc/arm-none-eabi/14.2.0/../../../../arm-none-eabi/lib/thumb/v7-m/nofp/libc_nano.a(libc_a-memset.o)
                0x08008614                memset
 .text.strncmp  0x08008624       0x24 /usr/lib/gcc/arm-none-eabi/14.2.0/../../../../arm-none-eabi/lib/thumb/v7-m/nofp/libc_nano.a(libc_a-strncmp.o)
                0x08008624                strncmp
 .text._close_r
                0x08008648       0x20 /usr/lib/gcc/arm-none-eabi/14.2.0/../../../../arm-none-eabi/lib/thumb/v7-m/nofp/libc_nano.a(libc_a-closer.o)
                0x08008648                _close_r
 .text._lseek_r
                0x08008668       0x24 /usr/lib/gcc/arm-none-eabi/14.2.0/../../../../arm-none-eabi/lib/thumb/v7-m/nofp/libc_nano.a(libc_a-lseekr.o)
                0x08008668                _lseek_r
 .text._read_r  0x0800868c       0x24 /usr/lib/gcc/arm-none-eabi/14.2.0/../../../../arm-none-eabi/lib/thumb/v7-m/nofp/libc_nano.a(libc_a-readr.o)
                0x0800868c                _read_r
 .text._write_r
                0x080086b0       0x24 /usr/lib/gcc/arm-none-eabi/14.2.0/../../../../arm-none-eabi/lib/thumb/v7-m/nofp/libc_nano.a(libc_a-writer.o)
                0x080086b0                _write_r
 .text.__errno  0x080086d4        0xc /usr/lib/gcc/arm-none-eabi/14.2.0/../../../../arm-none-eabi/lib/thumb/v7-m/nofp/libc_nano.a(libc_a-errno.o)
                0x080086d4                __errno
 .text.__retarget_lock_init_recursive
                0x080086e0        0x2 /usr/lib/gcc/arm-none-eabi/14.2.0/../../../../arm-none-eabi/lib/thumb/v7-m/nofp/libc_nano.a(libc_a-lock.o)
                0x080086e0                __retarget_lock_init_recursive
 .text.__retarget_lock_acquire_recursive
                0x080086e2        0x2 /usr/lib/gcc/arm-none-eabi/14.2.0/../../../../arm-none-eabi/lib/thumb/v7-m/nofp/libc_nano.a(libc_a-lock.o)
                0x080086e2                __retarget_lock_acquire_recursive
 .text.__retarget_lock_release_recursive
                0x080086e4        0x2 /usr/lib/gcc/arm-none-eabi/14.2.0/../../../../arm-none-eabi/lib/thumb/v7-m/nofp/libc_nano.a(libc_a-lock.o)
                0x080086e4                __retarget_lock_release_recursive
 .text.memcpy   0x080086e6       0x1c /usr/lib/gcc/arm-none-eabi/14.2.0/../../../../arm-none-eabi/lib/thumb/v7-m/nofp/libc_nano.a(libc_a-memcpy-stub.o)
                0x080086e6                memcpy
 *fill*         0x08008702        0x2 
 .text.nan      0x08008704        0xc /usr/lib/gcc/arm-none-eabi/14.2.0/../../../../arm-none-eabi/lib/thumb/v7-m/nofp/libc_nano.a(libm_a-s_nan.o)
                0x08008704                nan
 .text.nanf     0x08008710        0x8 /usr/lib/gcc/arm-none-eabi/14.2.0/../../../../arm-none-eabi/lib/thumb/v7-m/nofp/libc_nano.a(libm_a-sf_nan.o)
                0x08008710                nanf
 .text._free_r  0x08008718       0x90 /usr/lib/gcc/arm-none-eabi/14.2.0/../../../../arm-none-eabi/lib/thumb/v7-m/nofp/libc_nano.a(libc_a-freer.o)
                0x08008718                _free_r
 .text.rshift   0x080087a8       0xa6 /usr/lib/gcc/arm-none-eabi/14.2.0/../../../../arm-none-eabi/lib/thumb/v7-m/nofp/libc_nano.a(libc_a-gdtoa-gethex.o)
 .text.__hexdig_fun
                0x0800884e       0x2a /usr/lib/gcc/arm-none-eabi/14.2.0/../../../../arm-none-eabi/lib/thumb/v7-m/nofp/libc_nano.a(libc_a-gdtoa-gethex.o)
                0x0800884e                __hexdig_fun
 .text.__gethex
                0x08008878      0x420 /usr/lib/gcc/arm-none-eabi/14.2.0/../../../../arm-none-eabi/lib/thumb/v7-m/nofp/libc_nano.a(libc_a-gdtoa-gethex.o)
                0x08008878                __gethex
 .text.L_shift  0x08008c98       0x24 /usr/lib/gcc/arm-none-eabi/14.2.0/../../../../arm-none-eabi/lib/thumb/v7-m/nofp/libc_nano.a(libc_a-gdtoa-hexnan.o)
 .text.__match  0x08008cbc       0x28 /usr/lib/gcc/arm-none-eabi/14.2.0/../../../../arm-none-eabi/lib/thumb/v7-m/nofp/libc_nano.a(libc_a-gdtoa-hexnan.o)
                0x08008cbc                __match
 .text.__hexnan
                0x08008ce4      0x13a /usr/lib/gcc/arm-none-eabi/14.2.0/../../../../arm-none-eabi/lib/thumb/v7-m/nofp/libc_nano.a(libc_a-gdtoa-hexnan.o)
                0x08008ce4                __hexnan
 *fill*         0x08008e1e        0x2 
 .text.sbrk_aligned
                0x08008e20       0x44 /usr/lib/gcc/arm-none-eabi/14.2.0/../../../../arm-none-eabi/lib/thumb/v7-m/nofp/libc_nano.a(libc_a-mallocr.o)
 .text._malloc_r
                0x08008e64      0x100 /usr/lib/gcc/arm-none-eabi/14.2.0/../../../../arm-none-eabi/lib/thumb/v7-m/nofp/libc_nano.a(libc_a-mallocr.o)
                0x08008e64                _malloc_r
 .text.__ascii_mbtowc
                0x08008f64       0x24 /usr/lib/gcc/arm-none-eabi/14.2.0/../../../../arm-none-eabi/lib/thumb/v7-m/nofp/libc_nano.a(libc_a-mbtowc_r.o)
                0x08008f64                __ascii_mbtowc
 .text.__malloc_lock
                0x08008f88        0xc /usr/lib/gcc/arm-none-eabi/14.2.0/../../../../arm-none-eabi/lib/thumb/v7-m/nofp/libc_nano.a(libc_a-mlock.o)
                0x08008f88                __malloc_lock
 .text.__malloc_unlock
                0x08008f94        0xc /usr/lib/gcc/arm-none-eabi/14.2.0/../../../../arm-none-eabi/lib/thumb/v7-m/nofp/libc_nano.a(libc_a-mlock.o)
                0x08008f94                __malloc_unlock
 .text._Balloc  0x08008fa0       0x7c /usr/lib/gcc/arm-none-eabi/14.2.0/../../../../arm-none-eabi/lib/thumb/v7-m/nofp/libc_nano.a(libc_a-mprec.o)
                0x08008fa0                _Balloc
 .text._Bfree   0x0800901c       0x44 /usr/lib/gcc/arm-none-eabi/14.2.0/../../../../arm-none-eabi/lib/thumb/v7-m/nofp/libc_nano.a(libc_a-mprec.o)
                0x0800901c                _Bfree
 .text.__multadd
                0x08009060       0x8c /usr/lib/gcc/arm-none-eabi/14.2.0/../../../../arm-none-eabi/lib/thumb/v7-m/nofp/libc_nano.a(libc_a-mprec.o)
                0x08009060                __multadd
 .text.__s2b    0x080090ec       0x94 /usr/lib/gcc/arm-none-eabi/14.2.0/../../../../arm-none-eabi/lib/thumb/v7-m/nofp/libc_nano.a(libc_a-mprec.o)
                0x080090ec                __s2b
 .text.__hi0bits
                0x08009180       0x3e /usr/lib/gcc/arm-none-eabi/14.2.0/../../../../arm-none-eabi/lib/thumb/v7-m/nofp/libc_nano.a(libc_a-mprec.o)
                0x08009180                __hi0bits
 .text.__lo0bits
                0x080091be       0x5a /usr/lib/gcc/arm-none-eabi/14.2.0/../../../../arm-none-eabi/lib/thumb/v7-m/nofp/libc_nano.a(libc_a-mprec.o)
                0x080091be                __lo0bits
 .text.__i2b    0x08009218       0x2c /usr/lib/gcc/arm-none-eabi/14.2.0/../../../../arm-none-eabi/lib/thumb/v7-m/nofp/libc_nano.a(libc_a-mprec.o)
                0x08009218                __i2b
 .text.__multiply
                0x08009244      0x150 /usr/lib/gcc/arm-none-eabi/14.2.0/../../../../arm-none-eabi/lib/thumb/v7-m/nofp/libc_nano.a(libc_a-mprec.o)
                0x08009244                __multiply
 .text.__pow5mult
                0x08009394       0xb8 /usr/lib/gcc/arm-none-eabi/14.2.0/../../../../arm-none-eabi/lib/thumb/v7-m/nofp/libc_nano.a(libc_a-mprec.o)
                0x08009394                __pow5mult
 .text.__lshift
                0x0800944c       0xd8 /usr/lib/gcc/arm-none-eabi/14.2.0/../../../../arm-none-eabi/lib/thumb/v7-m/nofp/libc_nano.a(libc_a-mprec.o)
                0x0800944c                __lshift
 .text.__mcmp   0x08009524       0x36 /usr/lib/gcc/arm-none-eabi/14.2.0/../../../../arm-none-eabi/lib/thumb/v7-m/nofp/libc_nano.a(libc_a-mprec.o)
                0x08009524                __mcmp
 *fill*         0x0800955a        0x2 
 .text.__mdiff  0x0800955c      0x130 /usr/lib/gcc/arm-none-eabi/14.2.0/../../../../arm-none-eabi/lib/thumb/v7-m/nofp/libc_nano.a(libc_a-mprec.o)
                0x0800955c                __mdiff
 .text.__ulp    0x0800968c       0x40 /usr/lib/gcc/arm-none-eabi/14.2.0/../../../../arm-none-eabi/lib/thumb/v7-m/nofp/libc_nano.a(libc_a-mprec.o)
                0x0800968c                __ulp
 .text.__b2d    0x080096cc       0x90 /usr/lib/gcc/arm-none-eabi/14.2.0/../../../../arm-none-eabi/lib/thumb/v7-m/nofp/libc_nano.a(libc_a-mprec.o)
                0x080096cc                __b2d
 .text.__d2b    0x0800975c       0xb0 /usr/lib/gcc/arm-none-eabi/14.2.0/../../../../arm-none-eabi/lib/thumb/v7-m/nofp/libc_nano.a(libc_a-mprec.o)
                0x0800975c                __d2b
 .text.__ratio  0x0800980c       0x60 /usr/lib/gcc/arm-none-eabi/14.2.0/../../../../arm-none-eabi/lib/thumb/v7-m/nofp/libc_nano.a(libc_a-mprec.o)
                0x0800980c                __ratio
 .text.__copybits
                0x0800986c       0x46 /usr/lib/gcc/arm-none-eabi/14.2.0/../../../../arm-none-eabi/lib/thumb/v7-m/nofp/libc_nano.a(libc_a-mprec.o)
                0x0800986c                __copybits
 .text.__any_on
                0x080098b2       0x42 /usr/lib/gcc/arm-none-eabi/14.2.0/../../../../arm-none-eabi/lib/thumb/v7-m/nofp/libc_nano.a(libc_a-mprec.o)
                0x080098b2                __any_on
 .text.__ascii_wctomb
                0x080098f4       0x1a /usr/lib/gcc/arm-none-eabi/14.2.0/../../../../arm-none-eabi/lib/thumb/v7-m/nofp/libc_nano.a(libc_a-wctomb_r.o)
                0x080098f4                __ascii_wctomb
 .text.__ssputs_r
                0x0800990e       0xc0 /usr/lib/gcc/arm-none-eabi/14.2.0/../../../../arm-none-eabi/lib/thumb/v7-m/nofp/libc_nano.a(libc_a-nano-svfprintf.o)
                0x0800990e                __ssputs_r
 *fill*         0x080099ce        0x2 
 .text._svfprintf_r
                0x080099d0      0x1f8 /usr/lib/gcc/arm-none-eabi/14.2.0/../../../../arm-none-eabi/lib/thumb/v7-m/nofp/libc_nano.a(libc_a-nano-svfprintf.o)
                0x080099d0                _svfprintf_r
                0x080099d0                _svfiprintf_r
 .text._printf_common
                0x08009bc8       0xe4 /usr/lib/gcc/arm-none-eabi/14.2.0/../../../../arm-none-eabi/lib/thumb/v7-m/nofp/libc_nano.a(libc_a-nano-vfprintf_i.o)
                0x08009bc8                _printf_common
 .text._printf_i
                0x08009cac      0x240 /usr/lib/gcc/arm-none-eabi/14.2.0/../../../../arm-none-eabi/lib/thumb/v7-m/nofp/libc_nano.a(libc_a-nano-vfprintf_i.o)
                0x08009cac                _printf_i
 .text.__sflush_r
                0x08009eec       0xfc /usr/lib/gcc/arm-none-eabi/14.2.0/../../../../arm-none-eabi/lib/thumb/v7-m/nofp/libc_nano.a(libc_a-fflush.o)
                0x08009eec                __sflush_r
 .text._fflush_r
                0x08009fe8       0x50 /usr/lib/gcc/arm-none-eabi/14.2.0/../../../../arm-none-eabi/lib/thumb/v7-m/nofp/libc_nano.a(libc_a-fflush.o)
                0x08009fe8                _fflush_r
 .text.memmove  0x0800a038       0x32 /usr/lib/gcc/arm-none-eabi/14.2.0/../../../../arm-none-eabi/lib/thumb/v7-m/nofp/libc_nano.a(libc_a-memmove.o)
                0x0800a038                memmove
 *fill*         0x0800a06a        0x2 
 .text._sbrk_r  0x0800a06c       0x20 /usr/lib/gcc/arm-none-eabi/14.2.0/../../../../arm-none-eabi/lib/thumb/v7-m/nofp/libc_nano.a(libc_a-sbrkr.o)
                0x0800a06c                _sbrk_r
 .text.memchr   0x0800a08c       0x1c /usr/lib/gcc/arm-none-eabi/14.2.0/../../../../arm-none-eabi/lib/thumb/v7-m/nofp/libc_nano.a(libc_a-memchr-stub.o)
                0x0800a08c                memchr
 .text.__assert_func
                0x0800a0a8       0x3c /usr/lib/gcc/arm-none-eabi/14.2.0/../../../../arm-none-eabi/lib/thumb/v7-m/nofp/libc_nano.a(libc_a-assert.o)
                0x0800a0a8                __assert_func
 .text._calloc_r
                0x0800a0e4       0x28 /usr/lib/gcc/arm-none-eabi/14.2.0/../../../../arm-none-eabi/lib/thumb/v7-m/nofp/libc_nano.a(libc_a-callocr.o)
                0x0800a0e4                _calloc_r
 .text.malloc   0x0800a10c       0x10 /usr/lib/gcc/arm-none-eabi/14.2.0/../../../../arm-none-eabi/lib/thumb/v7-m/nofp/libc_nano.a(libc_a-malloc.o)
                0x0800a10c                malloc
 .text._realloc_r
                0x0800a11c       0x5c /usr/lib/gcc/arm-none-eabi/14.2.0/../../../../arm-none-eabi/lib/thumb/v7-m/nofp/libc_nano.a(libc_a-reallocr.o)
                0x0800a11c                _realloc_r
 .text.fprintf  0x0800a178       0x24 /usr/lib/gcc/arm-none-eabi/14.2.0/../../../../arm-none-eabi/lib/thumb/v7-m/nofp/libc_nano.a(libc_a-fprintf.o)
                0x0800a178                fprintf
                0x0800a178                fiprintf
 .text.abort    0x0800a19c        0xe /usr/lib/gcc/arm-none-eabi/14.2.0/../../../../arm-none-eabi/lib/thumb/v7-m/nofp/libc_nano.a(libc_a-abort.o)
                0x0800a19c                abort
 .text._malloc_usable_size_r
                0x0800a1aa       0x10 /usr/lib/gcc/arm-none-eabi/14.2.0/../../../../arm-none-eabi/lib/thumb/v7-m/nofp/libc_nano.a(libc_a-msizer.o)
                0x0800a1aa                _malloc_usable_size_r
 .text.__sfputc_r
                0x0800a1ba       0x2a /usr/lib/gcc/arm-none-eabi/14.2.0/../../../../arm-none-eabi/lib/thumb/v7-m/nofp/libc_nano.a(libc_a-nano-vfprintf.o)
 .text.__sfputs_r
                0x0800a1e4       0x24 /usr/lib/gcc/arm-none-eabi/14.2.0/../../../../arm-none-eabi/lib/thumb/v7-m/nofp/libc_nano.a(libc_a-nano-vfprintf.o)
                0x0800a1e4                __sfputs_r
 .text._vfprintf_r
                0x0800a208      0x230 /usr/lib/gcc/arm-none-eabi/14.2.0/../../../../arm-none-eabi/lib/thumb/v7-m/nofp/libc_nano.a(libc_a-nano-vfprintf.o)
                0x0800a208                _vfiprintf_r
                0x0800a208                _vfprintf_r
 .text.__swbuf_r
                0x0800a438       0x7c /usr/lib/gcc/arm-none-eabi/14.2.0/../../../../arm-none-eabi/lib/thumb/v7-m/nofp/libc_nano.a(libc_a-wbuf.o)
                0x0800a438                __swbuf_r
 .text.__swsetup_r
                0x0800a4b4       0xa8 /usr/lib/gcc/arm-none-eabi/14.2.0/../../../../arm-none-eabi/lib/thumb/v7-m/nofp/libc_nano.a(libc_a-wsetup.o)
                0x0800a4b4                __swsetup_r
 .text._raise_r
                0x0800a55c       0x50 /usr/lib/gcc/arm-none-eabi/14.2.0/../../../../arm-none-eabi/lib/thumb/v7-m/nofp/libc_nano.a(libc_a-signal.o)
                0x0800a55c                _raise_r
 .text.raise    0x0800a5ac       0x10 /usr/lib/gcc/arm-none-eabi/14.2.0/../../../../arm-none-eabi/lib/thumb/v7-m/nofp/libc_nano.a(libc_a-signal.o)
                0x0800a5ac                raise
 .text._kill_r  0x0800a5bc       0x24 /usr/lib/gcc/arm-none-eabi/14.2.0/../../../../arm-none-eabi/lib/thumb/v7-m/nofp/libc_nano.a(libc_a-signalr.o)
                0x0800a5bc                _kill_r
 .text._getpid_r
                0x0800a5e0        0x4 /usr/lib/gcc/arm-none-eabi/14.2.0/../../../../arm-none-eabi/lib/thumb/v7-m/nofp/libc_nano.a(libc_a-signalr.o)
                0x0800a5e0                _getpid_r
 .text.__swhatbuf_r
                0x0800a5e4       0x48 /usr/lib/gcc/arm-none-eabi/14.2.0/../../../../arm-none-eabi/lib/thumb/v7-m/nofp/libc_nano.a(libc_a-makebuf.o)
                0x0800a5e4                __swhatbuf_r
 .text.__smakebuf_r
                0x0800a62c       0x72 /usr/lib/gcc/arm-none-eabi/14.2.0/../../../../arm-none-eabi/lib/thumb/v7-m/nofp/libc_nano.a(libc_a-makebuf.o)
                0x0800a62c                __smakebuf_r
 *fill*         0x0800a69e        0x2 
 .text._fstat_r
                0x0800a6a0       0x24 /usr/lib/gcc/arm-none-eabi/14.2.0/../../../../arm-none-eabi/lib/thumb/v7-m/nofp/libc_nano.a(libc_a-fstatr.o)
                0x0800a6a0                _fstat_r
 .text._isatty_r
                0x0800a6c4       0x20 /usr/lib/gcc/arm-none-eabi/14.2.0/../../../../arm-none-eabi/lib/thumb/v7-m/nofp/libc_nano.a(libc_a-isattyr.o)
                0x0800a6c4                _isatty_r
 .text.cosf     0x0800a6e4       0x68 /usr/lib/gcc/arm-none-eabi/14.2.0/../../../../arm-none-eabi/lib/thumb/v7-m/nofp/libm.a(libm_a-sf_cos.o)
                0x0800a6e4                cosf
 .text.sinf     0x0800a74c       0x6c /usr/lib/gcc/arm-none-eabi/14.2.0/../../../../arm-none-eabi/lib/thumb/v7-m/nofp/libm.a(libm_a-sf_sin.o)
                0x0800a74c                sinf
 .text.__kernel_cosf
                0x0800a7b8      0x190 /usr/lib/gcc/arm-none-eabi/14.2.0/../../../../arm-none-eabi/lib/thumb/v7-m/nofp/libm.a(libm_a-kf_cos.o)
                0x0800a7b8                __kernel_cosf
 .text.__kernel_sinf
                0x0800a948       0xec /usr/lib/gcc/arm-none-eabi/14.2.0/../../../../arm-none-eabi/lib/thumb/v7-m/nofp/libm.a(libm_a-kf_sin.o)
                0x0800a948                __kernel_sinf
 .text.__ieee754_rem_pio2f
                0x0800aa34      0x2dc /usr/lib/gcc/arm-none-eabi/14.2.0/../../../../arm-none-eabi/lib/thumb/v7-m/nofp/libm.a(libm_a-ef_rem_pio2.o)
                0x0800aa34                __ieee754_rem_pio2f
 .text.fabsf    0x0800ad10        0x8 /usr/lib/gcc/arm-none-eabi/14.2.0/../../../../arm-none-eabi/lib/thumb/v7-m/nofp/libm.a(libm_a-sf_fabs.o)
                0x0800ad10                fabsf
 .text.__kernel_rem_pio2f
                0x0800ad18      0x774 /usr/lib/gcc/arm-none-eabi/14.2.0/../../../../arm-none-eabi/lib/thumb/v7-m/nofp/libm.a(libm_a-kf_rem_pio2.o)
                0x0800ad18                __kernel_rem_pio2f
 .text.scalbnf  0x0800b48c       0xb0 /usr/lib/gcc/arm-none-eabi/14.2.0/../../../../arm-none-eabi/lib/thumb/v7-m/nofp/libm.a(libm_a-sf_scalbn.o)
                0x0800b48c                scalbnf
 .text.floorf   0x0800b53c       0x8c /usr/lib/gcc/arm-none-eabi/14.2.0/../../../../arm-none-eabi/lib/thumb/v7-m/nofp/libm.a(libm_a-sf_floor.o)
                0x0800b53c                floorf
 .text._close   0x0800b5c8       0x10 /usr/lib/gcc/arm-none-eabi/14.2.0/../../../../arm-none-eabi/lib/thumb/v7-m/nofp/libnosys.a(close.o)
                0x0800b5c8                _close
 .text._fstat   0x0800b5d8       0x10 /usr/lib/gcc/arm-none-eabi/14.2.0/../../../../arm-none-eabi/lib/thumb/v7-m/nofp/libnosys.a(fstat.o)
                0x0800b5d8                _fstat
 .text._getpid  0x0800b5e8       0x10 /usr/lib/gcc/arm-none-eabi/14.2.0/../../../../arm-none-eabi/lib/thumb/v7-m/nofp/libnosys.a(getpid.o)
                0x0800b5e8                _getpid
 .text._isatty  0x0800b5f8       0x10 /usr/lib/gcc/arm-none-eabi/14.2.0/../../../../arm-none-eabi/lib/thumb/v7-m/nofp/libnosys.a(isatty.o)
                0x0800b5f8                _isatty
 .text._kill    0x0800b608       0x10 /usr/lib/gcc/arm-none-eabi/14.2.0/../../../../arm-none-eabi/lib/thumb/v7-m/nofp/libnosys.a(kill.o)
                0x0800b608                _kill
 .text._lseek   0x0800b618       0x10 /usr/lib/gcc/arm-none-eabi/14.2.0/../../../../arm-none-eabi/lib/thumb/v7-m/nofp/libnosys.a(lseek.o)
                0x0800b618                _lseek
 .text._read    0x0800b628       0x10 /usr/lib/gcc/arm-none-eabi/14.2.0/../../../../arm-none-eabi/lib/thumb/v7-m/nofp/libnosys.a(read.o)
                0x0800b628                _read
 .text._sbrk    0x0800b638       0x1c /usr/lib/gcc/arm-none-eabi/14.2.0/../../../../arm-none-eabi/lib/thumb/v7-m/nofp/libnosys.a(sbrk.o)
                0x0800b638                _sbrk
 .text._write   0x0800b654       0x10 /usr/lib/gcc/arm-none-eabi/14.2.0/../../../../arm-none-eabi/lib/thumb/v7-m/nofp/libnosys.a(write.o)
                0x0800b654                _write
 .text._exit    0x0800b664        0x4 /usr/lib/gcc/arm-none-eabi/14.2.0/../../../../arm-none-eabi/lib/thumb/v7-m/nofp/libnosys.a(_exit.o)
                0x0800b664                _exit
 .text.__fixdfdi
                0x0800b668       0x2e /usr/lib/gcc/arm-none-eabi/14.2.0/thumb/v7-m/nofp/libgcc.a(_fixdfdi.o)
                0x0800b668                __aeabi_d2lz
                0x0800b668                __fixdfdi
 *fill*         0x0800b696        0x2 
 .text.__fixunsdfdi
                0x0800b698       0x3c /usr/lib/gcc/arm-none-eabi/14.2.0/thumb/v7-m/nofp/libgcc.a(_fixunsdfdi.o)
                0x0800b698                __aeabi_d2ulz
                0x0800b698                __fixunsdfdi
 *(.glue_7)
 .glue_7        0x0800b6d4        0x0 linker stubs
 *(.glue_7t)
 .glue_7t       0x0800b6d4        0x0 linker stubs
 *(.eh_frame)
 .eh_frame      0x0800b6d4        0x0 /usr/lib/gcc/arm-none-eabi/14.2.0/thumb/v7-m/nofp/crtbegin.o
 *(.init)
 .init          0x0800b6d4        0x4 /usr/lib/gcc/arm-none-eabi/14.2.0/thumb/v7-m/nofp/crti.o
                0x0800b6d4                _init
 .init          0x0800b6d8        0x8 /usr/lib/gcc/arm-none-eabi/14.2.0/thumb/v7-m/nofp/crtn.o
 *(.fini)
 .fini          0x0800b6e0        0x4 /usr/lib/gcc/arm-none-eabi/14.2.0/thumb/v7-m/nofp/crti.o
                0x0800b6e0                _fini
 .fini          0x0800b6e4        0x8 /usr/lib/gcc/arm-none-eabi/14.2.0/thumb/v7-m/nofp/crtn.o
                0x0800b6ec                        . = ALIGN (0x4)
                0x0800b6ec                        _etext = .

.vfp11_veneer   0x0800b6ec        0x0
 .vfp11_veneer  0x0800b6ec        0x0 linker stubs

.v4_bx          0x0800b6ec        0x0
 .v4_bx         0x0800b6ec        0x0 linker stubs

.iplt           0x0800b6ec        0x0
 .iplt          0x0800b6ec        0x0 /usr/lib/gcc/arm-none-eabi/14.2.0/thumb/v7-m/nofp/crtbegin.o

.rodata         0x0800b6f0      0x944
                0x0800b6f0                        . = ALIGN (0x4)
 *(.rodata)
 *(.rodata*)
 .rodata.HandleCommand.str1.4
                0x0800b6f0      0x1b3 build/main.o
                                 0x9e (size before relaxing)
 .rodata.main.str1.4
                0x0800b8a3       0x5f build/main.o
 *fill*         0x0800b8a3        0x1 
 .rodata.APBPrescTable
                0x0800b8a4        0x8 build/system_stm32f1xx.o
                0x0800b8a4                APBPrescTable
 .rodata.AHBPrescTable
                0x0800b8ac       0x10 build/system_stm32f1xx.o
                0x0800b8ac                AHBPrescTable
 .rodata.UartComm_Process.str1.4
                0x0800b8bc       0x4d build/uart_comm.o
 .rodata.UartComm_SendOdometry.str1.4
                0x0800b8bc       0x1c build/uart_comm.o
 .rodata.USBD_FS_InterfaceStrDescriptor.str1.4
                0x0800b8bc        0xe build/usbd_desc.o
 .rodata.USBD_FS_ConfigStrDescriptor.str1.4
                0x0800b8bc        0xb build/usbd_desc.o
 .rodata.USBD_FS_SerialStrDescriptor.str1.4
                0x0800b8bc        0x7 build/usbd_desc.o
 .rodata.USBD_FS_ProductStrDescriptor.str1.4
                0x0800b8bc        0xe build/usbd_desc.o
 .rodata.USBD_FS_ManufacturerStrDescriptor.str1.4
                0x0800b8bc       0x13 build/usbd_desc.o
 .rodata.aPredivFactorTable.0
                0x0800b8bc        0x2 build/stm32f1xx_hal_rcc.o
 *fill*         0x0800b8be        0x2 
 .rodata.aPLLMULFactorTable.1
                0x0800b8c0       0x10 build/stm32f1xx_hal_rcc.o
 .rodata._strtod_l.str1.1
                0x0800b8d0      0x13a /usr/lib/gcc/arm-none-eabi/14.2.0/../../../../arm-none-eabi/lib/thumb/v7-m/nofp/libc_nano.a(libc_a-strtod.o)
                                  0xf (size before relaxing)
 *fill*         0x0800ba0a        0x2 
 .rodata.fpinan.0
                0x0800ba0c       0x14 /usr/lib/gcc/arm-none-eabi/14.2.0/../../../../arm-none-eabi/lib/thumb/v7-m/nofp/libc_nano.a(libc_a-strtod.o)
 .rodata.fpi.1  0x0800ba20       0x14 /usr/lib/gcc/arm-none-eabi/14.2.0/../../../../arm-none-eabi/lib/thumb/v7-m/nofp/libc_nano.a(libc_a-strtod.o)
 *fill*         0x0800ba34        0x4 
 .rodata.tinytens
                0x0800ba38       0x28 /usr/lib/gcc/arm-none-eabi/14.2.0/../../../../arm-none-eabi/lib/thumb/v7-m/nofp/libc_nano.a(libc_a-strtod.o)
 .rodata._setlocale_r.str1.1
                0x0800ba60        0x9 /usr/lib/gcc/arm-none-eabi/14.2.0/../../../../arm-none-eabi/lib/thumb/v7-m/nofp/libc_nano.a(libc_a-locale.o)
 .rodata.str1.1
                0x0800ba60        0x2 /usr/lib/gcc/arm-none-eabi/14.2.0/../../../../arm-none-eabi/lib/thumb/v7-m/nofp/libc_nano.a(libc_a-locale.o)
 .rodata.__gethex.str1.1
                0x0800ba60       0x5d /usr/lib/gcc/arm-none-eabi/14.2.0/../../../../arm-none-eabi/lib/thumb/v7-m/nofp/libc_nano.a(libc_a-gdtoa-gethex.o)
 .rodata._Balloc.str1.1
                0x0800ba60       0x5a /usr/lib/gcc/arm-none-eabi/14.2.0/../../../../arm-none-eabi/lib/thumb/v7-m/nofp/libc_nano.a(libc_a-mprec.o)
 .rodata.__multadd.str1.1
                0x0800ba60       0x11 /usr/lib/gcc/arm-none-eabi/14.2.0/../../../../arm-none-eabi/lib/thumb/v7-m/nofp/libc_nano.a(libc_a-mprec.o)
 .rodata.p05.0  0x0800ba60        0xc /usr/lib/gcc/arm-none-eabi/14.2.0/../../../../arm-none-eabi/lib/thumb/v7-m/nofp/libc_nano.a(libc_a-mprec.o)
 *fill*         0x0800ba6c        0x4 
 .rodata.__mprec_bigtens
                0x0800ba70       0x28 /usr/lib/gcc/arm-none-eabi/14.2.0/../../../../arm-none-eabi/lib/thumb/v7-m/nofp/libc_nano.a(libc_a-mprec.o)
                0x0800ba70                __mprec_bigtens
 .rodata.__mprec_tens
                0x0800ba98       0xc8 /usr/lib/gcc/arm-none-eabi/14.2.0/../../../../arm-none-eabi/lib/thumb/v7-m/nofp/libc_nano.a(libc_a-mprec.o)
                0x0800ba98                __mprec_tens
 .rodata._ctype_
                0x0800bb60      0x101 /usr/lib/gcc/arm-none-eabi/14.2.0/../../../../arm-none-eabi/lib/thumb/v7-m/nofp/libc_nano.a(libc_a-ctype_.o)
                0x0800bb60                _ctype_
 .rodata._svfprintf_r.str1.1
                0x0800bc61       0x11 /usr/lib/gcc/arm-none-eabi/14.2.0/../../../../arm-none-eabi/lib/thumb/v7-m/nofp/libc_nano.a(libc_a-nano-svfprintf.o)
 .rodata._printf_i.str1.1
                0x0800bc61       0x22 /usr/lib/gcc/arm-none-eabi/14.2.0/../../../../arm-none-eabi/lib/thumb/v7-m/nofp/libc_nano.a(libc_a-nano-vfprintf_i.o)
 .rodata.__assert_func.str1.1
                0x0800bc61       0x3d /usr/lib/gcc/arm-none-eabi/14.2.0/../../../../arm-none-eabi/lib/thumb/v7-m/nofp/libc_nano.a(libc_a-assert.o)
 .rodata._vfprintf_r.str1.1
                0x0800bc61       0x11 /usr/lib/gcc/arm-none-eabi/14.2.0/../../../../arm-none-eabi/lib/thumb/v7-m/nofp/libc_nano.a(libc_a-nano-vfprintf.o)
 *fill*         0x0800bc61        0x3 
 .rodata.npio2_hw
                0x0800bc64       0x80 /usr/lib/gcc/arm-none-eabi/14.2.0/../../../../arm-none-eabi/lib/thumb/v7-m/nofp/libm.a(libm_a-ef_rem_pio2.o)
 .rodata.two_over_pi
                0x0800bce4      0x318 /usr/lib/gcc/arm-none-eabi/14.2.0/../../../../arm-none-eabi/lib/thumb/v7-m/nofp/libm.a(libm_a-ef_rem_pio2.o)
 .rodata.PIo2   0x0800bffc       0x2c /usr/lib/gcc/arm-none-eabi/14.2.0/../../../../arm-none-eabi/lib/thumb/v7-m/nofp/libm.a(libm_a-kf_rem_pio2.o)
 .rodata.init_jk
                0x0800c028        0xc /usr/lib/gcc/arm-none-eabi/14.2.0/../../../../arm-none-eabi/lib/thumb/v7-m/nofp/libm.a(libm_a-kf_rem_pio2.o)
                0x0800c034                        . = ALIGN (0x4)

.ARM.extab
 *(.ARM.extab* .gnu.linkonce.armextab.*)

.ARM            0x0800c034        0x8
                0x0800c034                        __exidx_start = .
 *(.ARM.exidx*)
 .ARM.exidx     0x0800c034        0x8 /usr/lib/gcc/arm-none-eabi/14.2.0/../../../../arm-none-eabi/lib/thumb/v7-m/nofp/libc_nano.a(libc_a-strlen.o)
                0x0800c03c                        __exidx_end = .

.rel.dyn        0x0800c03c        0x0
 .rel.iplt      0x0800c03c        0x0 /usr/lib/gcc/arm-none-eabi/14.2.0/thumb/v7-m/nofp/crtbegin.o

.preinit_array  0x0800c03c        0x0
                0x0800c03c                        PROVIDE (__preinit_array_start = .)
 *(.preinit_array*)
                0x0800c03c                        PROVIDE (__preinit_array_end = .)

.init_array     0x0800c03c        0x4
                0x0800c03c                        PROVIDE (__init_array_start = .)
 *(SORT_BY_NAME(.init_array.*))
 *(.init_array*)
 .init_array    0x0800c03c        0x4 /usr/lib/gcc/arm-none-eabi/14.2.0/thumb/v7-m/nofp/crtbegin.o
                0x0800c040                        PROVIDE (__init_array_end = .)

.fini_array     0x0800c040        0x4
                0x0800c040                        PROVIDE (__fini_array_start = .)
 *(SORT_BY_NAME(.fini_array.*))
 *(.fini_array*)
 .fini_array    0x0800c040        0x4 /usr/lib/gcc/arm-none-eabi/14.2.0/thumb/v7-m/nofp/crtbegin.o
                0x0800c044                        PROVIDE (__fini_array_end = .)
                0x0800c044                        _sidata = LOADADDR (.data)

.data           0x20000000      0x2b4 load address 0x0800c044
                0x20000000                        . = ALIGN (0x4)
                0x20000000                        _sdata = .
 *(.data)
 *(.data*)
 .data.SystemCoreClock
                0x20000000        0x4 build/system_stm32f1xx.o
                0x20000000                SystemCoreClock
 .data.ff_gain_right
                0x20000004        0x4 build/robot.o
 .data.ff_gain_left
                0x20000008        0x4 build/robot.o
 .data.filtered_speed_left
                0x2000000c        0x4 build/robot.o
 .data.FS_Desc  0x20000010       0x1c build/usbd_desc.o
                0x20000010                FS_Desc
 .data.USBD_LangIDDesc
                0x2000002c        0x4 build/usbd_desc.o
 .data.USBD_FS_DeviceDesc
                0x20000030       0x12 build/usbd_desc.o
 *fill*         0x20000042        0x2 
 .data.USBD_Interface_fops_FS
                0x20000044       0x14 build/usbd_cdc_if.o
                0x20000044                USBD_Interface_fops_FS
 .data.LineCoding
                0x20000058        0x8 build/usbd_cdc_if.o
 .data.USBD_CDC_CfgDesc
                0x20000060       0x43 build/usbd_cdc.o
 *fill*         0x200000a3        0x1 
 .data.USBD_CDC
                0x200000a4       0x38 build/usbd_cdc.o
                0x200000a4                USBD_CDC
 .data.USBD_CDC_DeviceQualifierDesc
                0x200000dc        0xa build/usbd_cdc.o
 .data.uwTickFreq
                0x200000e6        0x1 build/stm32f1xx_hal.o
                0x200000e6                uwTickFreq
 *fill*         0x200000e7        0x1 
 .data.uwTickPrio
                0x200000e8        0x4 build/stm32f1xx_hal.o
                0x200000e8                uwTickPrio
 .data.__sglue  0x200000ec        0xc /usr/lib/gcc/arm-none-eabi/14.2.0/../../../../arm-none-eabi/lib/thumb/v7-m/nofp/libc_nano.a(libc_a-findfp.o)
                0x200000ec                __sglue
 .data.__global_locale
                0x200000f8      0x16c /usr/lib/gcc/arm-none-eabi/14.2.0/../../../../arm-none-eabi/lib/thumb/v7-m/nofp/libc_nano.a(libc_a-locale.o)
                0x200000f8                __global_locale
 .data._impure_ptr
                0x20000264        0x4 /usr/lib/gcc/arm-none-eabi/14.2.0/../../../../arm-none-eabi/lib/thumb/v7-m/nofp/libc_nano.a(libc_a-impure.o)
                0x20000264                _impure_ptr
 .data._impure_data
                0x20000268       0x4c /usr/lib/gcc/arm-none-eabi/14.2.0/../../../../arm-none-eabi/lib/thumb/v7-m/nofp/libc_nano.a(libc_a-impure.o)
                0x20000268                _impure_data
                0x200002b4                        . = ALIGN (0x4)
                0x200002b4                        _edata = .

.igot.plt       0x200002b4        0x0 load address 0x0800c2f8
 .igot.plt      0x200002b4        0x0 /usr/lib/gcc/arm-none-eabi/14.2.0/thumb/v7-m/nofp/crtbegin.o

.bss            0x200002b4     0x10d4 load address 0x0800c2f8
                0x200002b4                        . = ALIGN (0x4)
                0x200002b4                        _sbss = .
                0x200002b4                        __bss_start__ = _sbss
 *(.bss)
 *(.bss*)
 .bss.completed.1
                0x200002b4        0x1 /usr/lib/gcc/arm-none-eabi/14.2.0/thumb/v7-m/nofp/crtbegin.o
 *fill*         0x200002b5        0x3 
 .bss.object.0  0x200002b8       0x18 /usr/lib/gcc/arm-none-eabi/14.2.0/thumb/v7-m/nofp/crtbegin.o
 .bss.dbg_buf   0x200002d0       0x80 build/main.o
 .bss.odom_divider
                0x20000350        0x1 build/main.o
 *fill*         0x20000351        0x3 
 .bss.hi2c1     0x20000354       0x54 build/main.o
 .bss.hUsbDeviceFS
                0x200003a8      0x2dc build/main.o
                0x200003a8                hUsbDeviceFS
 .bss.systick_divider
                0x20000684        0x1 build/stm32f1xx_it.o
 *fill*         0x20000685        0x3 
 .bss.systick_ms
                0x20000688        0x4 build/stm32f1xx_it.o
                0x20000688                systick_ms
 .bss.control_flag
                0x2000068c        0x1 build/stm32f1xx_it.o
                0x2000068c                control_flag
 *fill*         0x2000068d        0x3 
 .bss.htim1     0x20000690       0x48 build/motor.o
 .bss.last_count_right
                0x200006d8        0x2 build/encoder.o
 .bss.last_count_left
                0x200006da        0x2 build/encoder.o
 .bss.htim3     0x200006dc       0x48 build/encoder.o
 .bss.htim2     0x20000724       0x48 build/encoder.o
 .bss.settle_count.0
                0x2000076c        0x4 build/robot.o
 .bss.ramped_speed
                0x20000770        0x4 build/robot.o
 .bss.filtered_speed_right
                0x20000774        0x4 build/robot.o
 .bss.robot     0x20000778       0xb4 build/robot.o
                0x20000778                robot
 .bss.tx_buf    0x2000082c       0x80 build/uart_comm.o
 .bss.line_ready
                0x200008ac        0x1 build/uart_comm.o
 .bss.rx_line_idx
                0x200008ad        0x1 build/uart_comm.o
 *fill*         0x200008ae        0x2 
 .bss.rx_line   0x200008b0       0x80 build/uart_comm.o
 .bss.usbd_mem_buf
                0x20000930      0x220 build/usbd_conf.o
                0x20000930                usbd_mem_buf
 .bss.hpcd_USB_FS
                0x20000b50      0x2d8 build/usbd_conf.o
                0x20000b50                hpcd_USB_FS
 .bss.USBD_StrDesc
                0x20000e28      0x200 build/usbd_desc.o
 .bss.cdc_initialized
                0x20001028        0x1 build/usbd_cdc_if.o
 .bss.rx_data_ready
                0x20001029        0x1 build/usbd_cdc_if.o
 *fill*         0x2000102a        0x2 
 .bss.rx_data_len
                0x2000102c        0x4 build/usbd_cdc_if.o
 .bss.UserTxBufferFS
                0x20001030      0x100 build/usbd_cdc_if.o
 .bss.UserRxBufferFS
                0x20001130      0x100 build/usbd_cdc_if.o
 .bss.cfgidx.0  0x20001230        0x1 build/usbd_ctlreq.o
 *fill*         0x20001231        0x3 
 .bss.uwTick    0x20001234        0x4 build/stm32f1xx_hal.o
                0x20001234                uwTick
 .bss.__sf      0x20001238      0x138 /usr/lib/gcc/arm-none-eabi/14.2.0/../../../../arm-none-eabi/lib/thumb/v7-m/nofp/libc_nano.a(libc_a-findfp.o)
                0x20001238                __sf
 .bss.__stdio_exit_handler
                0x20001370        0x4 /usr/lib/gcc/arm-none-eabi/14.2.0/../../../../arm-none-eabi/lib/thumb/v7-m/nofp/libc_nano.a(libc_a-findfp.o)
                0x20001370                __stdio_exit_handler
 .bss.errno     0x20001374        0x4 /usr/lib/gcc/arm-none-eabi/14.2.0/../../../../arm-none-eabi/lib/thumb/v7-m/nofp/libc_nano.a(libc_a-reent.o)
                0x20001374                errno
 .bss.__lock___malloc_recursive_mutex
                0x20001378        0x1 /usr/lib/gcc/arm-none-eabi/14.2.0/../../../../arm-none-eabi/lib/thumb/v7-m/nofp/libc_nano.a(libc_a-lock.o)
                0x20001378                __lock___malloc_recursive_mutex
 .bss.__lock___sfp_recursive_mutex
                0x20001379        0x1 /usr/lib/gcc/arm-none-eabi/14.2.0/../../../../arm-none-eabi/lib/thumb/v7-m/nofp/libc_nano.a(libc_a-lock.o)
                0x20001379                __lock___sfp_recursive_mutex
 *fill*         0x2000137a        0x2 
 .bss.__malloc_sbrk_start
                0x2000137c        0x4 /usr/lib/gcc/arm-none-eabi/14.2.0/../../../../arm-none-eabi/lib/thumb/v7-m/nofp/libc_nano.a(libc_a-mallocr.o)
                0x2000137c                __malloc_sbrk_start
 .bss.__malloc_free_list
                0x20001380        0x4 /usr/lib/gcc/arm-none-eabi/14.2.0/../../../../arm-none-eabi/lib/thumb/v7-m/nofp/libc_nano.a(libc_a-mallocr.o)
                0x20001380                __malloc_free_list
 .bss.heap_end.0
                0x20001384        0x4 /usr/lib/gcc/arm-none-eabi/14.2.0/../../../../arm-none-eabi/lib/thumb/v7-m/nofp/libnosys.a(sbrk.o)
 *(COMMON)
                0x20001388                        . = ALIGN (0x4)
                0x20001388                        _ebss = .
                0x20001388                        __bss_end__ = _ebss

._user_heap_stack
                0x20001388      0x600 load address 0x0800c2f8
                0x20001388                        . = ALIGN (0x8)
                0x20001388                        PROVIDE (end = .)
                [!provide]                        PROVIDE (_end = .)
                0x20001588                        . = (. + _Min_Heap_Size)
 *fill*         0x20001388      0x200 
                0x20001988                        . = (. + _Min_Stack_Size)
 *fill*         0x20001588      0x400 
                0x20001988                        . = ALIGN (0x8)

/DISCARD/
 libc.a(*)
 libm.a(*)
 libgcc.a(*)

.ARM.attributes
                0x00000000       0x29
 *(.ARM.attributes)
 .ARM.attributes
                0x00000000       0x1d /usr/lib/gcc/arm-none-eabi/14.2.0/thumb/v7-m/nofp/crti.o
 .ARM.attributes
                0x0000001d       0x2d /usr/lib/gcc/arm-none-eabi/14.2.0/thumb/v7-m/nofp/crtbegin.o
 .ARM.attributes
                0x0000004a       0x2d build/main.o
 .ARM.attributes
                0x00000077       0x2d build/stm32f1xx_it.o
 .ARM.attributes
                0x000000a4       0x2d build/stm32f1xx_hal_msp.o
 .ARM.attributes
                0x000000d1       0x2d build/system_stm32f1xx.o
 .ARM.attributes
                0x000000fe       0x2d build/mpu6050.o
 .ARM.attributes
                0x0000012b       0x2d build/motor.o
 .ARM.attributes
                0x00000158       0x2d build/encoder.o
 .ARM.attributes
                0x00000185       0x2d build/pid.o
 .ARM.attributes
                0x000001b2       0x2d build/robot.o
 .ARM.attributes
                0x000001df       0x2d build/uart_comm.o
 .ARM.attributes
                0x0000020c       0x2d build/usbd_conf.o
 .ARM.attributes
                0x00000239       0x2d build/usbd_desc.o
 .ARM.attributes
                0x00000266       0x2d build/usbd_cdc_if.o
 .ARM.attributes
                0x00000293       0x2d build/usbd_core.o
 .ARM.attributes
                0x000002c0       0x2d build/usbd_ctlreq.o
 .ARM.attributes
                0x000002ed       0x2d build/usbd_ioreq.o
 .ARM.attributes
                0x0000031a       0x2d build/usbd_cdc.o
 .ARM.attributes
                0x00000347       0x2d build/stm32f1xx_hal.o
 .ARM.attributes
                0x00000374       0x2d build/stm32f1xx_hal_cortex.o
 .ARM.attributes
                0x000003a1       0x2d build/stm32f1xx_hal_gpio.o
 .ARM.attributes
                0x000003ce       0x2d build/stm32f1xx_hal_i2c.o
 .ARM.attributes
                0x000003fb       0x2d build/stm32f1xx_hal_rcc.o
 .ARM.attributes
                0x00000428       0x2d build/stm32f1xx_hal_tim.o
 .ARM.attributes
                0x00000455       0x2d build/stm32f1xx_hal_tim_ex.o
 .ARM.attributes
                0x00000482       0x2d build/stm32f1xx_hal_pcd.o
 .ARM.attributes
                0x000004af       0x2d build/stm32f1xx_hal_pcd_ex.o
 .ARM.attributes
                0x000004dc       0x2d build/stm32f1xx_ll_usb.o
 .ARM.attributes
                0x00000509       0x21 build/startup_stm32f103c8tx.o
 .ARM.attributes
                0x0000052a       0x2d /usr/lib/gcc/arm-none-eabi/14.2.0/../../../../arm-none-eabi/lib/thumb/v7-m/nofp/libc_nano.a(libc_a-strtod.o)
 .ARM.attributes
                0x00000557       0x2d /usr/lib/gcc/arm-none-eabi/14.2.0/../../../../arm-none-eabi/lib/thumb/v7-m/nofp/libc_nano.a(libc_a-findfp.o)
 .ARM.attributes
                0x00000584       0x2d /usr/lib/gcc/arm-none-eabi/14.2.0/../../../../arm-none-eabi/lib/thumb/v7-m/nofp/libc_nano.a(libc_a-fwalk.o)
 .ARM.attributes
                0x000005b1       0x2d /usr/lib/gcc/arm-none-eabi/14.2.0/../../../../arm-none-eabi/lib/thumb/v7-m/nofp/libc_nano.a(libc_a-snprintf.o)
 .ARM.attributes
                0x000005de       0x2d /usr/lib/gcc/arm-none-eabi/14.2.0/../../../../arm-none-eabi/lib/thumb/v7-m/nofp/libc_nano.a(libc_a-stdio.o)
 .ARM.attributes
                0x0000060b       0x2d /usr/lib/gcc/arm-none-eabi/14.2.0/../../../../arm-none-eabi/lib/thumb/v7-m/nofp/libc_nano.a(libc_a-memset.o)
 .ARM.attributes
                0x00000638       0x2d /usr/lib/gcc/arm-none-eabi/14.2.0/../../../../arm-none-eabi/lib/thumb/v7-m/nofp/libc_nano.a(libc_a-strncmp.o)
 .ARM.attributes
                0x00000665       0x2d /usr/lib/gcc/arm-none-eabi/14.2.0/../../../../arm-none-eabi/lib/thumb/v7-m/nofp/libc_nano.a(libc_a-locale.o)
 .ARM.attributes
                0x00000692       0x2d /usr/lib/gcc/arm-none-eabi/14.2.0/../../../../arm-none-eabi/lib/thumb/v7-m/nofp/libc_nano.a(libc_a-closer.o)
 .ARM.attributes
                0x000006bf       0x2d /usr/lib/gcc/arm-none-eabi/14.2.0/../../../../arm-none-eabi/lib/thumb/v7-m/nofp/libc_nano.a(libc_a-reent.o)
 .ARM.attributes
                0x000006ec       0x2d /usr/lib/gcc/arm-none-eabi/14.2.0/../../../../arm-none-eabi/lib/thumb/v7-m/nofp/libc_nano.a(libc_a-impure.o)
 .ARM.attributes
                0x00000719       0x2d /usr/lib/gcc/arm-none-eabi/14.2.0/../../../../arm-none-eabi/lib/thumb/v7-m/nofp/libc_nano.a(libc_a-lseekr.o)
 .ARM.attributes
                0x00000746       0x2d /usr/lib/gcc/arm-none-eabi/14.2.0/../../../../arm-none-eabi/lib/thumb/v7-m/nofp/libc_nano.a(libc_a-readr.o)
 .ARM.attributes
                0x00000773       0x2d /usr/lib/gcc/arm-none-eabi/14.2.0/../../../../arm-none-eabi/lib/thumb/v7-m/nofp/libc_nano.a(libc_a-writer.o)
 .ARM.attributes
                0x000007a0       0x2d /usr/lib/gcc/arm-none-eabi/14.2.0/../../../../arm-none-eabi/lib/thumb/v7-m/nofp/libc_nano.a(libc_a-errno.o)
 .ARM.attributes
                0x000007cd       0x2d /usr/lib/gcc/arm-none-eabi/14.2.0/../../../../arm-none-eabi/lib/thumb/v7-m/nofp/libc_nano.a(libc_a-lock.o)
 .ARM.attributes
                0x000007fa       0x2d /usr/lib/gcc/arm-none-eabi/14.2.0/../../../../arm-none-eabi/lib/thumb/v7-m/nofp/libc_nano.a(libc_a-memcpy-stub.o)
 .ARM.attributes
                0x00000827       0x17 /usr/lib/gcc/arm-none-eabi/14.2.0/../../../../arm-none-eabi/lib/thumb/v7-m/nofp/libc_nano.a(libc_a-strlen.o)
 .ARM.attributes
                0x0000083e       0x2d /usr/lib/gcc/arm-none-eabi/14.2.0/../../../../arm-none-eabi/lib/thumb/v7-m/nofp/libc_nano.a(libm_a-s_nan.o)
 .ARM.attributes
                0x0000086b       0x2d /usr/lib/gcc/arm-none-eabi/14.2.0/../../../../arm-none-eabi/lib/thumb/v7-m/nofp/libc_nano.a(libm_a-sf_nan.o)
 .ARM.attributes
                0x00000898       0x2d /usr/lib/gcc/arm-none-eabi/14.2.0/../../../../arm-none-eabi/lib/thumb/v7-m/nofp/libc_nano.a(libc_a-freer.o)
 .ARM.attributes
                0x000008c5       0x2d /usr/lib/gcc/arm-none-eabi/14.2.0/../../../../arm-none-eabi/lib/thumb/v7-m/nofp/libc_nano.a(libc_a-gdtoa-gethex.o)
 .ARM.attributes
                0x000008f2       0x2d /usr/lib/gcc/arm-none-eabi/14.2.0/../../../../arm-none-eabi/lib/thumb/v7-m/nofp/libc_nano.a(libc_a-gdtoa-hexnan.o)
 .ARM.attributes
                0x0000091f       0x2d /usr/lib/gcc/arm-none-eabi/14.2.0/../../../../arm-none-eabi/lib/thumb/v7-m/nofp/libc_nano.a(libc_a-mallocr.o)
 .ARM.attributes
                0x0000094c       0x2d /usr/lib/gcc/arm-none-eabi/14.2.0/../../../../arm-none-eabi/lib/thumb/v7-m/nofp/libc_nano.a(libc_a-mbtowc_r.o)
 .ARM.attributes
                0x00000979       0x2d /usr/lib/gcc/arm-none-eabi/14.2.0/../../../../arm-none-eabi/lib/thumb/v7-m/nofp/libc_nano.a(libc_a-mlock.o)
 .ARM.attributes
                0x000009a6       0x2d /usr/lib/gcc/arm-none-eabi/14.2.0/../../../../arm-none-eabi/lib/thumb/v7-m/nofp/libc_nano.a(libc_a-mprec.o)
 .ARM.attributes
                0x000009d3       0x2d /usr/lib/gcc/arm-none-eabi/14.2.0/../../../../arm-none-eabi/lib/thumb/v7-m/nofp/libc_nano.a(libc_a-wctomb_r.o)
 .ARM.attributes
                0x00000a00       0x2d /usr/lib/gcc/arm-none-eabi/14.2.0/../../../../arm-none-eabi/lib/thumb/v7-m/nofp/libc_nano.a(libc_a-ctype_.o)
 .ARM.attributes
                0x00000a2d       0x2d /usr/lib/gcc/arm-none-eabi/14.2.0/../../../../arm-none-eabi/lib/thumb/v7-m/nofp/libc_nano.a(libc_a-nano-svfprintf.o)
 .ARM.attributes
                0x00000a5a       0x2d /usr/lib/gcc/arm-none-eabi/14.2.0/../../../../arm-none-eabi/lib/thumb/v7-m/nofp/libc_nano.a(libc_a-nano-vfprintf_i.o)
 .ARM.attributes
                0x00000a87       0x2d /usr/lib/gcc/arm-none-eabi/14.2.0/../../../../arm-none-eabi/lib/thumb/v7-m/nofp/libc_nano.a(libc_a-fflush.o)
 .ARM.attributes
                0x00000ab4       0x2d /usr/lib/gcc/arm-none-eabi/14.2.0/../../../../arm-none-eabi/lib/thumb/v7-m/nofp/libc_nano.a(libc_a-memmove.o)
 .ARM.attributes
                0x00000ae1       0x2d /usr/lib/gcc/arm-none-eabi/14.2.0/../../../../arm-none-eabi/lib/thumb/v7-m/nofp/libc_nano.a(libc_a-sbrkr.o)
 .ARM.attributes
                0x00000b0e       0x2d /usr/lib/gcc/arm-none-eabi/14.2.0/../../../../arm-none-eabi/lib/thumb/v7-m/nofp/libc_nano.a(libc_a-memchr-stub.o)
 .ARM.attributes
                0x00000b3b       0x2d /usr/lib/gcc/arm-none-eabi/14.2.0/../../../../arm-none-eabi/lib/thumb/v7-m/nofp/libc_nano.a(libc_a-assert.o)
 .ARM.attributes
                0x00000b68       0x2d /usr/lib/gcc/arm-none-eabi/14.2.0/../../../../arm-none-eabi/lib/thumb/v7-m/nofp/libc_nano.a(libc_a-callocr.o)
 .ARM.attributes
                0x00000b95       0x2d /usr/lib/gcc/arm-none-eabi/14.2.0/../../../../arm-none-eabi/lib/thumb/v7-m/nofp/libc_nano.a(libc_a-malloc.o)
 .ARM.attributes
                0x00000bc2       0x2d /usr/lib/gcc/arm-none-eabi/14.2.0/../../../../arm-none-eabi/lib/thumb/v7-m/nofp/libc_nano.a(libc_a-reallocr.o)
 .ARM.attributes
                0x00000bef       0x2d /usr/lib/gcc/arm-none-eabi/14.2.0/../../../../arm-none-eabi/lib/thumb/v7-m/nofp/libc_nano.a(libc_a-fprintf.o)
 .ARM.attributes
                0x00000c1c       0x2d /usr/lib/gcc/arm-none-eabi/14.2.0/../../../../arm-none-eabi/lib/thumb/v7-m/nofp/libc_nano.a(libc_a-abort.o)
 .ARM.attributes
                0x00000c49       0x2d /usr/lib/gcc/arm-none-eabi/14.2.0/../../../../arm-none-eabi/lib/thumb/v7-m/nofp/libc_nano.a(libc_a-msizer.o)
 .ARM.attributes
                0x00000c76       0x2d /usr/lib/gcc/arm-none-eabi/14.2.0/../../../../arm-none-eabi/lib/thumb/v7-m/nofp/libc_nano.a(libc_a-nano-vfprintf.o)
 .ARM.attributes
                0x00000ca3       0x2d /usr/lib/gcc/arm-none-eabi/14.2.0/../../../../arm-none-eabi/lib/thumb/v7-m/nofp/libc_nano.a(libc_a-wbuf.o)
 .ARM.attributes
                0x00000cd0       0x2d /usr/lib/gcc/arm-none-eabi/14.2.0/../../../../arm-none-eabi/lib/thumb/v7-m/nofp/libc_nano.a(libc_a-wsetup.o)
 .ARM.attributes
                0x00000cfd       0x2d /usr/lib/gcc/arm-none-eabi/14.2.0/../../../../arm-none-eabi/lib/thumb/v7-m/nofp/libc_nano.a(libc_a-signal.o)
 .ARM.attributes
                0x00000d2a       0x2d /usr/lib/gcc/arm-none-eabi/14.2.0/../../../../arm-none-eabi/lib/thumb/v7-m/nofp/libc_nano.a(libc_a-signalr.o)
 .ARM.attributes
                0x00000d57       0x2d /usr/lib/gcc/arm-none-eabi/14.2.0/../../../../arm-none-eabi/lib/thumb/v7-m/nofp/libc_nano.a(libc_a-makebuf.o)
 .ARM.attributes
                0x00000d84       0x2d /usr/lib/gcc/arm-none-eabi/14.2.0/../../../../arm-none-eabi/lib/thumb/v7-m/nofp/libc_nano.a(libc_a-fstatr.o)
 .ARM.attributes
                0x00000db1       0x2d /usr/lib/gcc/arm-none-eabi/14.2.0/../../../../arm-none-eabi/lib/thumb/v7-m/nofp/libc_nano.a(libc_a-isattyr.o)
 .ARM.attributes
                0x00000dde       0x2d /usr/lib/gcc/arm-none-eabi/14.2.0/../../../../arm-none-eabi/lib/thumb/v7-m/nofp/libm.a(libm_a-sf_cos.o)
 .ARM.attributes
                0x00000e0b       0x2d /usr/lib/gcc/arm-none-eabi/14.2.0/../../../../arm-none-eabi/lib/thumb/v7-m/nofp/libm.a(libm_a-sf_sin.o)
 .ARM.attributes
                0x00000e38       0x2d /usr/lib/gcc/arm-none-eabi/14.2.0/../../../../arm-none-eabi/lib/thumb/v7-m/nofp/libm.a(libm_a-kf_cos.o)
 .ARM.attributes
                0x00000e65       0x2d /usr/lib/gcc/arm-none-eabi/14.2.0/../../../../arm-none-eabi/lib/thumb/v7-m/nofp/libm.a(libm_a-kf_sin.o)
 .ARM.attributes
                0x00000e92       0x2d /usr/lib/gcc/arm-none-eabi/14.2.0/../../../../arm-none-eabi/lib/thumb/v7-m/nofp/libm.a(libm_a-ef_rem_pio2.o)
 .ARM.attributes
                0x00000ebf       0x2d /usr/lib/gcc/arm-none-eabi/14.2.0/../../../../arm-none-eabi/lib/thumb/v7-m/nofp/libm.a(libm_a-sf_fabs.o)
 .ARM.attributes
                0x00000eec       0x2d /usr/lib/gcc/arm-none-eabi/14.2.0/../../../../arm-none-eabi/lib/thumb/v7-m/nofp/libm.a(libm_a-kf_rem_pio2.o)
 .ARM.attributes
                0x00000f19       0x2d /usr/lib/gcc/arm-none-eabi/14.2.0/../../../../arm-none-eabi/lib/thumb/v7-m/nofp/libm.a(libm_a-sf_scalbn.o)
 .ARM.attributes
                0x00000f46       0x2d /usr/lib/gcc/arm-none-eabi/14.2.0/../../../../arm-none-eabi/lib/thumb/v7-m/nofp/libm.a(libm_a-sf_floor.o)
 .ARM.attributes
                0x00000f73       0x2d /usr/lib/gcc/arm-none-eabi/14.2.0/../../../../arm-none-eabi/lib/thumb/v7-m/nofp/libnosys.a(close.o)
 .ARM.attributes
                0x00000fa0       0x2d /usr/lib/gcc/arm-none-eabi/14.2.0/../../../../arm-none-eabi/lib/thumb/v7-m/nofp/libnosys.a(fstat.o)
 .ARM.attributes
                0x00000fcd       0x2d /usr/lib/gcc/arm-none-eabi/14.2.0/../../../../arm-none-eabi/lib/thumb/v7-m/nofp/libnosys.a(getpid.o)
 .ARM.attributes
                0x00000ffa       0x2d /usr/lib/gcc/arm-none-eabi/14.2.0/../../../../arm-none-eabi/lib/thumb/v7-m/nofp/libnosys.a(isatty.o)
 .ARM.attributes
                0x00001027       0x2d /usr/lib/gcc/arm-none-eabi/14.2.0/../../../../arm-none-eabi/lib/thumb/v7-m/nofp/libnosys.a(kill.o)
 .ARM.attributes
                0x00001054       0x2d /usr/lib/gcc/arm-none-eabi/14.2.0/../../../../arm-none-eabi/lib/thumb/v7-m/nofp/libnosys.a(lseek.o)
 .ARM.attributes
                0x00001081       0x2d /usr/lib/gcc/arm-none-eabi/14.2.0/../../../../arm-none-eabi/lib/thumb/v7-m/nofp/libnosys.a(read.o)
 .ARM.attributes
                0x000010ae       0x2d /usr/lib/gcc/arm-none-eabi/14.2.0/../../../../arm-none-eabi/lib/thumb/v7-m/nofp/libnosys.a(sbrk.o)
 .ARM.attributes
                0x000010db       0x2d /usr/lib/gcc/arm-none-eabi/14.2.0/../../../../arm-none-eabi/lib/thumb/v7-m/nofp/libnosys.a(write.o)
 .ARM.attributes
                0x00001108       0x2d /usr/lib/gcc/arm-none-eabi/14.2.0/../../../../arm-none-eabi/lib/thumb/v7-m/nofp/libnosys.a(_exit.o)
 .ARM.attributes
                0x00001135       0x1d /usr/lib/gcc/arm-none-eabi/14.2.0/thumb/v7-m/nofp/libgcc.a(_arm_addsubdf3.o)
 .ARM.attributes
                0x00001152       0x1d /usr/lib/gcc/arm-none-eabi/14.2.0/thumb/v7-m/nofp/libgcc.a(_arm_muldivdf3.o)
 .ARM.attributes
                0x0000116f       0x1d /usr/lib/gcc/arm-none-eabi/14.2.0/thumb/v7-m/nofp/libgcc.a(_arm_cmpdf2.o)
 .ARM.attributes
                0x0000118c       0x1d /usr/lib/gcc/arm-none-eabi/14.2.0/thumb/v7-m/nofp/libgcc.a(_arm_unorddf2.o)
 .ARM.attributes
                0x000011a9       0x1d /usr/lib/gcc/arm-none-eabi/14.2.0/thumb/v7-m/nofp/libgcc.a(_arm_fixunsdfsi.o)
 .ARM.attributes
                0x000011c6       0x1d /usr/lib/gcc/arm-none-eabi/14.2.0/thumb/v7-m/nofp/libgcc.a(_arm_truncdfsf2.o)
 .ARM.attributes
                0x000011e3       0x1d /usr/lib/gcc/arm-none-eabi/14.2.0/thumb/v7-m/nofp/libgcc.a(_arm_addsubsf3.o)
 .ARM.attributes
                0x00001200       0x1d /usr/lib/gcc/arm-none-eabi/14.2.0/thumb/v7-m/nofp/libgcc.a(_arm_muldivsf3.o)
 .ARM.attributes